Archive member included to satisfy reference by file (symbol)

/home/konata/devel/libopencm3/lib/libopencm3_stm32f4.a(rcc.o)
                              ././drivers/system/clock.o (rcc_clock_setup_hse_3v3)
/home/konata/devel/libopencm3/lib/libopencm3_stm32f4.a(crc_common_all.o)
                              ././drivers/flash/otp_storage.o (crc_reset)
/home/konata/devel/libopencm3/lib/libopencm3_stm32f4.a(dma_common_f24.o)
                              ././drivers/display/display.o (dma_stream_reset)
/home/konata/devel/libopencm3/lib/libopencm3_stm32f4.a(gpio_common_all.o)
                              ././drivers/display/ts_tsc2007.o (gpio_set)
/home/konata/devel/libopencm3/lib/libopencm3_stm32f4.a(gpio_common_f0234.o)
                              ././drivers/display/ts_tsc2007.o (gpio_mode_setup)
/home/konata/devel/libopencm3/lib/libopencm3_stm32f4.a(i2c_common_v1.o)
                              ././drivers/i2c/i2c.o (i2c_reset)
/home/konata/devel/libopencm3/lib/libopencm3_stm32f4.a(spi_common_all.o)
                              ././drivers/display/display.o (spi_reset)
/home/konata/devel/libopencm3/lib/libopencm3_stm32f4.a(spi_common_l1f124.o)
                              ././drivers/display/display.o (spi_set_dff_8bit)
/home/konata/devel/libopencm3/lib/libopencm3_stm32f4.a(usart_common_all.o)
                              ././drivers/bluetooth/bt_usart.o (usart_set_baudrate)
/home/konata/devel/libopencm3/lib/libopencm3_stm32f4.a(usart_common_f124.o)
                              /home/konata/devel/libopencm3/lib/libopencm3_stm32f4.a(usart_common_all.o) (usart_send)
/home/konata/devel/libopencm3/lib/libopencm3_stm32f4.a(flash_common_f234.o)
                              /home/konata/devel/libopencm3/lib/libopencm3_stm32f4.a(rcc.o) (flash_set_ws)
/home/konata/devel/libopencm3/lib/libopencm3_stm32f4.a(flash_common_f24.o)
                              ././drivers/flash/otp_storage.o (flash_program)
/home/konata/devel/libopencm3/lib/libopencm3_stm32f4.a(exti_common_all.o)
                              ././drivers/display/ts_tsc2007.o (exti_set_trigger)
/home/konata/devel/libopencm3/lib/libopencm3_stm32f4.a(rcc_common_all.o)
                              ././drivers/system/clock.o (rcc_periph_clock_enable)
/home/konata/devel/libopencm3/lib/libopencm3_stm32f4.a(usb.o)
                              ././drivers/usb/mew_usb_hid.o (usbd_init)
/home/konata/devel/libopencm3/lib/libopencm3_stm32f4.a(usb_standard.o)
                              ././drivers/usb/mew_usb_hid.o (usbd_register_set_config_callback)
/home/konata/devel/libopencm3/lib/libopencm3_stm32f4.a(usb_control.o)
                              ././drivers/usb/mew_usb_hid.o (usbd_register_control_callback)
/home/konata/devel/libopencm3/lib/libopencm3_stm32f4.a(usb_f107.o)
                              ././drivers/usb/mew_usb_hid.o (stm32f107_usb_driver)
/home/konata/devel/libopencm3/lib/libopencm3_stm32f4.a(vector.o)
                              (reset_handler)
/home/konata/devel/libopencm3/lib/libopencm3_stm32f4.a(systick.o)
                              ././drivers/system/systick.o (systick_set_reload)
/home/konata/devel/libopencm3/lib/libopencm3_stm32f4.a(nvic.o)
                              ././drivers/display/ts_tsc2007.o (nvic_enable_irq)
/home/konata/devel/libopencm3/lib/libopencm3_stm32f4.a(pwr.o)
                              /home/konata/devel/libopencm3/lib/libopencm3_stm32f4.a(rcc.o) (pwr_set_vos_scale)
/home/konata/devel/libopencm3/lib/libopencm3_stm32f4.a(usb_fx07_common.o)
                              /home/konata/devel/libopencm3/lib/libopencm3_stm32f4.a(usb_f107.o) (stm32fx07_set_address)
/home/kaori/devel/stm32/gcc-arm-none-eabi-8-2018-q4-major/bin/../lib/gcc/arm-none-eabi/8.2.1/../../../../arm-none-eabi/lib/thumb/v7e-m+fp/hard/libc_nano.a(lib_a-malloc.o)
                              ././lvgl/lv_misc/lv_mem.o (malloc)
/home/kaori/devel/stm32/gcc-arm-none-eabi-8-2018-q4-major/bin/../lib/gcc/arm-none-eabi/8.2.1/../../../../arm-none-eabi/lib/thumb/v7e-m+fp/hard/libc_nano.a(lib_a-memcpy-stub.o)
                              ././drivers/hw_crypt/sha2_256.o (memcpy)
/home/kaori/devel/stm32/gcc-arm-none-eabi-8-2018-q4-major/bin/../lib/gcc/arm-none-eabi/8.2.1/../../../../arm-none-eabi/lib/thumb/v7e-m+fp/hard/libc_nano.a(lib_a-memset.o)
                              ././drivers/bluetooth/bt_usart.o (memset)
/home/kaori/devel/stm32/gcc-arm-none-eabi-8-2018-q4-major/bin/../lib/gcc/arm-none-eabi/8.2.1/../../../../arm-none-eabi/lib/thumb/v7e-m+fp/hard/libc_nano.a(lib_a-nano-freer.o)
                              /home/kaori/devel/stm32/gcc-arm-none-eabi-8-2018-q4-major/bin/../lib/gcc/arm-none-eabi/8.2.1/../../../../arm-none-eabi/lib/thumb/v7e-m+fp/hard/libc_nano.a(lib_a-malloc.o) (_free_r)
/home/kaori/devel/stm32/gcc-arm-none-eabi-8-2018-q4-major/bin/../lib/gcc/arm-none-eabi/8.2.1/../../../../arm-none-eabi/lib/thumb/v7e-m+fp/hard/libc_nano.a(lib_a-nano-mallocr.o)
[...]
Memory Configuration

Name             Origin             Length             Attributes
rom              0x0000000008000000 0x0000000000100000 xr
ccm              0x0000000010000000 0x0000000000010000 xrw
ram              0x0000000020000000 0x0000000000030000 xrw
*default*        0x0000000000000000 0xffffffffffffffff

Linker script and memory map

START GROUP
LOAD /home/kaori/devel/stm32/gcc-arm-none-eabi-8-2018-q4-major/bin/../lib/gcc/arm-none-eabi/8.2.1/../../../../arm-none-eabi/lib/thumb/v7e-m+fp/hard/libc_nano.a
LOAD /home/kaori/devel/stm32/gcc-arm-none-eabi-8-2018-q4-major/bin/../lib/gcc/arm-none-eabi/8.2.1/thumb/v7e-m+fp/hard/libgcc.a
LOAD /home/kaori/devel/stm32/gcc-arm-none-eabi-8-2018-q4-major/bin/../lib/gcc/arm-none-eabi/8.2.1/../../../../arm-none-eabi/lib/thumb/v7e-m+fp/hard/libnosys.a
END GROUP
LOAD ././ui/ui_lhandlers.o
LOAD ././ui/mew_logo.o
LOAD ././ui/pinpad.o
LOAD ././drivers/display/ts_tsc2007.o
LOAD ././drivers/display/display.o
LOAD ././drivers/bluetooth/bt_usart.o
LOAD ././drivers/flash/otp_storage.o
LOAD ././drivers/system/clock.o
LOAD ././drivers/system/systick.o
LOAD ././drivers/system/random.o
LOAD ././drivers/system/system.o
LOAD ././drivers/spi_flash/w25n01gvzeig.o
LOAD ././drivers/spi_flash/flash.o
LOAD ././drivers/duart/duart.o
LOAD ././drivers/i2c/i2c.o
LOAD ././drivers/usb/mew_usb_hid.o
LOAD ././drivers/hw_crypt/aes256.o
LOAD ././drivers/hw_crypt/P256-cortex-ecdh.o
LOAD ././drivers/hw_crypt/sha2_256.o
LOAD ././lvgl/lv_core/lv_obj.o
LOAD ././lvgl/lv_core/lv_group.o
LOAD ././lvgl/lv_core/lv_vdb.o
LOAD ././lvgl/lv_core/lv_style.o
LOAD ././lvgl/lv_core/lv_indev.o
LOAD ././lvgl/lv_core/lv_refr.o
LOAD ././lvgl/lv_objx/lv_kb.o
LOAD ././lvgl/lv_objx/lv_sw.o
LOAD ././lvgl/lv_objx/lv_img.o
LOAD ././lvgl/lv_objx/lv_slider.o
LOAD ././lvgl/lv_objx/lv_ta.o
LOAD ././lvgl/lv_objx/lv_chart.o
LOAD ././lvgl/lv_objx/lv_ddlist.o
LOAD ././lvgl/lv_objx/lv_cb.o
LOAD ././lvgl/lv_objx/lv_mbox.o
LOAD ././lvgl/lv_objx/lv_roller.o
LOAD ././lvgl/lv_objx/lv_objx_templ.o
LOAD ././lvgl/lv_objx/lv_gauge.o
LOAD ././lvgl/lv_objx/lv_win.o
LOAD ././lvgl/lv_objx/lv_list.o
LOAD ././lvgl/lv_objx/lv_tabview.o
LOAD ././lvgl/lv_objx/lv_line.o
LOAD ././lvgl/lv_objx/lv_btn.o
LOAD ././lvgl/lv_objx/lv_label.o
LOAD ././lvgl/lv_objx/lv_page.o
LOAD ././lvgl/lv_objx/lv_lmeter.o
LOAD ././lvgl/lv_objx/lv_led.o
LOAD ././lvgl/lv_objx/lv_btnm.o
LOAD ././lvgl/lv_objx/lv_cont.o
LOAD ././lvgl/lv_objx/lv_bar.o
LOAD ././lvgl/lv_draw/lv_draw.o
LOAD ././lvgl/lv_draw/lv_draw_rbasic.o
LOAD ././lvgl/lv_draw/lv_draw_vbasic.o
LOAD ././lvgl/lv_themes/lv_theme_zen.o
LOAD ././lvgl/lv_themes/lv_theme_night.o
LOAD ././lvgl/lv_themes/lv_theme.o
LOAD ././lvgl/lv_themes/lv_theme_default.o
LOAD ././lvgl/lv_themes/lv_theme_mono.o
LOAD ././lvgl/lv_themes/lv_theme_alien.o
LOAD ././lvgl/lv_themes/lv_theme_material.o
LOAD ././lvgl/lv_themes/lv_theme_templ.o
LOAD ././lvgl/lv_hal/lv_hal_tick.o
LOAD ././lvgl/lv_hal/lv_hal_indev.o
LOAD ././lvgl/lv_hal/lv_hal_disp.o
LOAD ././lvgl/lv_misc/lv_ll.o
LOAD ././lvgl/lv_misc/lv_circ.o
LOAD ././lvgl/lv_misc/lv_txt.o
LOAD ././lvgl/lv_misc/lv_task.o
LOAD ././lvgl/lv_misc/lv_math.o
LOAD ././lvgl/lv_misc/lv_fs.o
LOAD ././lvgl/lv_misc/lv_templ.o
LOAD ././lvgl/lv_misc/lv_trigo.o
LOAD ././lvgl/lv_misc/lv_ufs.o
LOAD ././lvgl/lv_misc/lv_color.o
LOAD ././lvgl/lv_misc/lv_anim.o
LOAD ././lvgl/lv_misc/lv_mem.o
LOAD ././lvgl/lv_misc/lv_font.o
LOAD ././lvgl/lv_misc/lv_fonts/lv_font_dejavu_20_cyrillic.o
LOAD ././lvgl/lv_misc/lv_fonts/lv_font_dejavu_30.o
LOAD ././lvgl/lv_misc/lv_fonts/lv_font_dejavu_30_cyrillic.o
LOAD ././lvgl/lv_misc/lv_fonts/lv_font_dejavu_10_cyrillic.o
LOAD ././lvgl/lv_misc/lv_fonts/lv_font_dejavu_10_latin_sup.o
LOAD ././lvgl/lv_misc/lv_fonts/lv_font_symbol_40.o
LOAD ././lvgl/lv_misc/lv_fonts/lv_font_symbol_30.o
LOAD ././lvgl/lv_misc/lv_fonts/lv_font_symbol_20.o
LOAD ././lvgl/lv_misc/lv_fonts/lv_font_dejavu_30_latin_sup.o
LOAD ././lvgl/lv_misc/lv_fonts/lv_font_dejavu_40_latin_sup.o
LOAD ././lvgl/lv_misc/lv_fonts/lv_font_symbol_10.o
LOAD ././lvgl/lv_misc/lv_fonts/lv_font_dejavu_20_latin_sup.o
LOAD ././lvgl/lv_misc/lv_fonts/lv_font_dejavu_20.o
LOAD ././lvgl/lv_misc/lv_fonts/lv_font_dejavu_40_cyrillic.o
LOAD ././lvgl/lv_misc/lv_fonts/lv_font_dejavu_40.o
LOAD ././lvgl/lv_misc/lv_fonts/lv_font_dejavu_10.o
LOAD ././lvgl/lv_misc/lv_area.o
LOAD ././mew.o
LOAD ././app/pwd_generator/mew_passgen.o
LOAD ././app/pwd_generator/mew_xor_algo.o
LOAD ././app/packet_parser/parser.o
LOAD ././debug.o
LOAD ././drivers/hw_crypt/P256-cortex-m4-ecdh-speedopt-gcc.o
LOAD /home/konata/devel/libopencm3/lib/libopencm3_stm32f4.a
START GROUP
LOAD /home/kaori/devel/stm32/gcc-arm-none-eabi-8-2018-q4-major/bin/../lib/gcc/arm-none-eabi/8.2.1/../../../../arm-none-eabi/lib/thumb/v7e-m+fp/hard/libc_nano.a
LOAD /home/kaori/devel/stm32/gcc-arm-none-eabi-8-2018-q4-major/bin/../lib/gcc/arm-none-eabi/8.2.1/thumb/v7e-m+fp/hard/libgcc.a
END GROUP
START GROUP
LOAD /home/kaori/devel/stm32/gcc-arm-none-eabi-8-2018-q4-major/bin/../lib/gcc/arm-none-eabi/8.2.1/thumb/v7e-m+fp/hard/libgcc.a
LOAD /home/kaori/devel/stm32/gcc-arm-none-eabi-8-2018-q4-major/bin/../lib/gcc/arm-none-eabi/8.2.1/../../../../arm-none-eabi/lib/thumb/v7e-m+fp/hard/libc_nano.a
END GROUP
START GROUP
LOAD /home/kaori/devel/stm32/gcc-arm-none-eabi-8-2018-q4-major/bin/../lib/gcc/arm-none-eabi/8.2.1/thumb/v7e-m+fp/hard/libgcc.a
LOAD /home/kaori/devel/stm32/gcc-arm-none-eabi-8-2018-q4-major/bin/../lib/gcc/arm-none-eabi/8.2.1/../../../../arm-none-eabi/lib/thumb/v7e-m+fp/hard/libc_nano.a
LOAD /home/kaori/devel/stm32/gcc-arm-none-eabi-8-2018-q4-major/bin/../lib/gcc/arm-none-eabi/8.2.1/../../../../arm-none-eabi/lib/thumb/v7e-m+fp/hard/libnosys.a
END GROUP
START GROUP
LOAD /home/kaori/devel/stm32/gcc-arm-none-eabi-8-2018-q4-major/bin/../lib/gcc/arm-none-eabi/8.2.1/thumb/v7e-m+fp/hard/libgcc.a
LOAD /home/kaori/devel/stm32/gcc-arm-none-eabi-8-2018-q4-major/bin/../lib/gcc/arm-none-eabi/8.2.1/../../../../arm-none-eabi/lib/thumb/v7e-m+fp/hard/libc_nano.a
LOAD /home/kaori/devel/stm32/gcc-arm-none-eabi-8-2018-q4-major/bin/../lib/gcc/arm-none-eabi/8.2.1/../../../../arm-none-eabi/lib/thumb/v7e-m+fp/hard/libnosys.a
END GROUP

.text           0x0000000008000000    0x1f500
 *(.vectors)
 .vectors       0x0000000008000000      0x1ac /home/konata/devel/libopencm3/lib/libopencm3_stm32f4.a(vector.o)
                0x0000000008000000                vector_table
 *(.text*)
 .text          0x00000000080001ac        0x0 ././ui/ui_lhandlers.o
 .text.mew_lvgl_lhandler
                0x00000000080001ac       0x28 ././ui/ui_lhandlers.o
                0x00000000080001ac                mew_lvgl_lhandler
 .text          0x00000000080001d4        0x0 ././ui/mew_logo.o
 .text          0x00000000080001d4        0x0 ././ui/pinpad.o
 .text.__mew_pinpad_action
                0x00000000080001d4       0xa0 ././ui/pinpad.o
 .text.mew_ui_get_pincode
                0x0000000008000274        0x8 ././ui/pinpad.o
                0x0000000008000274                mew_ui_get_pincode
 .text.mew_ui_show_pinpad
                0x000000000800027c      0x148 ././ui/pinpad.o
                0x000000000800027c                mew_ui_show_pinpad
 .text          0x00000000080003c4        0x0 ././drivers/display/ts_tsc2007.o
 .text.__mew_input_read
                0x00000000080003c4      0x108 ././drivers/display/ts_tsc2007.o
 .text.mew_touchscreen_init
                0x00000000080004cc       0x78 ././drivers/display/ts_tsc2007.o
                0x00000000080004cc                mew_touchscreen_init
 .text.exti2_isr
                0x0000000008000544       0x14 ././drivers/display/ts_tsc2007.o
                0x0000000008000544                exti2_isr
 .text          0x0000000008000558        0x0 ././drivers/display/display.o
 .text.__mew_cmd
                0x0000000008000558       0x28 ././drivers/display/display.o
 .text.__mew_display_write_cmd
                0x0000000008000580       0x24 ././drivers/display/display.o
 .text.__mew_data
                0x00000000080005a4       0x28 ././drivers/display/display.o
 .text.__mew_display_write_cmd_with_data
                0x00000000080005cc       0x4c ././drivers/display/display.o
 .text.__mew_spi_init_non_dma
                0x0000000008000618       0x7c ././drivers/display/display.o
 .text.__mew_display_flush
                0x0000000008000694      0x19c ././drivers/display/display.o
 .text.mew_display_init
                0x0000000008000830      0x2d4 ././drivers/display/display.o
                0x0000000008000830                mew_display_init
 .text.dma1_stream4_isr
                0x0000000008000b04       0x4c ././drivers/display/display.o
                0x0000000008000b04                dma1_stream4_isr
 .text          0x0000000008000b50        0x0 ././drivers/bluetooth/bt_usart.o
 .text.mew_bluetooth_transmit
                0x0000000008000b50       0xe4 ././drivers/bluetooth/bt_usart.o
                0x0000000008000b50                mew_bluetooth_transmit
 .text.dma2_stream7_isr
                0x0000000008000c34       0x24 ././drivers/bluetooth/bt_usart.o
                0x0000000008000c34                dma2_stream7_isr
 .text.mew_bluetooth_transmit_string
                0x0000000008000c58       0x18 ././drivers/bluetooth/bt_usart.o
                0x0000000008000c58                mew_bluetooth_transmit_string
 .text.usart1_isr
                0x0000000008000c70       0x8c ././drivers/bluetooth/bt_usart.o
                0x0000000008000c70                usart1_isr
 .text.mew_bluetooth_execute_at
                0x0000000008000cfc       0x88 ././drivers/bluetooth/bt_usart.o
                0x0000000008000cfc                mew_bluetooth_execute_at
 .text.mew_bluetooth_init
                0x0000000008000d84      0x11c ././drivers/bluetooth/bt_usart.o
                0x0000000008000d84                mew_bluetooth_init
 .text          0x0000000008000ea0        0x0 ././drivers/flash/otp_storage.o
 .text.mew_otp_storage_init
                0x0000000008000ea0      0x10c ././drivers/flash/otp_storage.o
                0x0000000008000ea0                mew_otp_storage_init
 .text          0x0000000008000fac        0x0 ././drivers/system/clock.o
 .text.mew_clock_init
                0x0000000008000fac       0xa0 ././drivers/system/clock.o
                0x0000000008000fac                mew_clock_init
 .text          0x000000000800104c        0x0 ././drivers/system/systick.o
 .text.mew_systick_init
                0x000000000800104c       0x20 ././drivers/system/systick.o
                0x000000000800104c                mew_systick_init
 .text.mew_get_millis
                0x000000000800106c        0xc ././drivers/system/systick.o
                0x000000000800106c                mew_get_millis
 .text.mew_delay_ms
                0x0000000008001078       0x1c ././drivers/system/systick.o
                0x0000000008001078                mew_delay_ms
 .text.sys_tick_handler
                0x0000000008001094       0x14 ././drivers/system/systick.o
                0x0000000008001094                sys_tick_handler
 .text          0x00000000080010a8        0x0 ././drivers/system/random.o
 .text.mew_rng_init
                0x00000000080010a8       0x1c ././drivers/system/random.o
                0x00000000080010a8                mew_rng_init
 .text.mew_random32
                0x00000000080010c4       0x3c ././drivers/system/random.o
                0x00000000080010c4                mew_random32
 .text.mew_random64
                0x0000000008001100       0x5c ././drivers/system/random.o
                0x0000000008001100                mew_random64
 .text          0x000000000800115c        0x0 ././drivers/system/system.o
 .text.mew_check_dma_memory
                0x000000000800115c        0x4 ././drivers/system/system.o
                0x000000000800115c                mew_check_dma_memory
 .text.mew_wait_for_state
                0x0000000008001160       0x28 ././drivers/system/system.o
                0x0000000008001160                mew_wait_for_state
 .text          0x0000000008001188        0x0 ././drivers/spi_flash/w25n01gvzeig.o
 .text.mew_flash_get_id
                0x0000000008001188       0x30 ././drivers/spi_flash/w25n01gvzeig.o
                0x0000000008001188                mew_flash_get_id
 .text          0x00000000080011b8        0x0 ././drivers/spi_flash/flash.o
 .text.mew_spi_flash_init
                0x00000000080011b8      0x11c ././drivers/spi_flash/flash.o
                0x00000000080011b8                mew_spi_flash_init
 .text.mew_spi_flash_xfer
                0x00000000080012d4       0x40 ././drivers/spi_flash/flash.o
                0x00000000080012d4                mew_spi_flash_xfer
 .text          0x0000000008001314        0x0 ././drivers/duart/duart.o
 .text.mew_init_duart
                0x0000000008001314       0x6c ././drivers/duart/duart.o
                0x0000000008001314                mew_init_duart
 .text.mew_duart_print
                0x0000000008001380       0x3c ././drivers/duart/duart.o
                0x0000000008001380                mew_duart_print
 .text.mew_duart_print_hex
                0x00000000080013bc       0xa0 ././drivers/duart/duart.o
                0x00000000080013bc                mew_duart_print_hex
 .text.__mew_to_hex
                0x000000000800145c       0x18 ././drivers/duart/duart.o
                0x000000000800145c                __mew_to_hex
 .text          0x0000000008001474        0x0 ././drivers/i2c/i2c.o
 .text.mew_i2c_init
                0x0000000008001474       0x88 ././drivers/i2c/i2c.o
                0x0000000008001474                mew_i2c_init
 .text.mew_i2c_read_block_ts2007
                0x00000000080014fc      0x124 ././drivers/i2c/i2c.o
                0x00000000080014fc                mew_i2c_read_block_ts2007
 .text.mew_i2c_read
                0x0000000008001620       0xb0 ././drivers/i2c/i2c.o
                0x0000000008001620                mew_i2c_read
 .text.mew_i2c_write
                0x00000000080016d0       0x90 ././drivers/i2c/i2c.o
                0x00000000080016d0                mew_i2c_write
 .text          0x0000000008001760        0x0 ././drivers/usb/mew_usb_hid.o
 .text.hid_control_request
                0x0000000008001760       0x28 ././drivers/usb/mew_usb_hid.o
 .text.hid_set_config
                0x0000000008001788       0x38 ././drivers/usb/mew_usb_hid.o
 .text.mew_hid_usb_disable
                0x00000000080017c0       0x40 ././drivers/usb/mew_usb_hid.o
                0x00000000080017c0                mew_hid_usb_disable
 .text.mew_hid_usb_init
                0x0000000008001800       0x78 ././drivers/usb/mew_usb_hid.o
                0x0000000008001800                mew_hid_usb_init
 .text.mew_hid_send
                0x0000000008001878       0x2c ././drivers/usb/mew_usb_hid.o
                0x0000000008001878                mew_hid_send
 .text.mew_hid_send_char
                0x00000000080018a4       0x5c ././drivers/usb/mew_usb_hid.o
                0x00000000080018a4                mew_hid_send_char
 .text.otg_fs_isr
                0x0000000008001900        0xc ././drivers/usb/mew_usb_hid.o
                0x0000000008001900                otg_fs_isr
 .text          0x000000000800190c        0x0 ././drivers/hw_crypt/aes256.o
 .text.mewcrypt_aes256
                0x000000000800190c      0x2c8 ././drivers/hw_crypt/aes256.o
                0x000000000800190c                mewcrypt_aes256
 .text.dma2_stream5_isr
                0x0000000008001bd4       0x24 ././drivers/hw_crypt/aes256.o
                0x0000000008001bd4                dma2_stream5_isr
 .text.dma2_stream6_isr
                0x0000000008001bf8       0x24 ././drivers/hw_crypt/aes256.o
                0x0000000008001bf8                dma2_stream6_isr
 .text          0x0000000008001c1c        0x0 ././drivers/hw_crypt/P256-cortex-ecdh.o
 .text.mew_p256_ecdh_get_session_pubkey
                0x0000000008001c1c       0x2c ././drivers/hw_crypt/P256-cortex-ecdh.o
                0x0000000008001c1c                mew_p256_ecdh_get_session_pubkey
 .text.mew_p256_ecdh_handler
                0x0000000008001c48       0x34 ././drivers/hw_crypt/P256-cortex-ecdh.o
                0x0000000008001c48                mew_p256_ecdh_handler
 .text          0x0000000008001c7c        0x0 ././drivers/hw_crypt/sha2_256.o
 .text.mew_hash32
                0x0000000008001c7c       0x78 ././drivers/hw_crypt/sha2_256.o
                0x0000000008001c7c                mew_hash32
 .text.mew_hash8
                0x0000000008001cf4       0xac ././drivers/hw_crypt/sha2_256.o
                0x0000000008001cf4                mew_hash8
 .text          0x0000000008001da0        0x0 ././lvgl/lv_core/lv_obj.o
 .text.refresh_childen_position
                0x0000000008001da0       0x50 ././lvgl/lv_core/lv_obj.o
 .text.delete_children
                0x0000000008001df0       0x94 ././lvgl/lv_core/lv_obj.o
 .text.lv_obj_invalidate
                0x0000000008001e84       0xac ././lvgl/lv_core/lv_obj.o
                0x0000000008001e84                lv_obj_invalidate
 .text.lv_obj_del
                0x0000000008001f30       0xc8 ././lvgl/lv_core/lv_obj.o
                0x0000000008001f30                lv_obj_del
 .text.lv_scr_load
                0x0000000008001ff8        0xc ././lvgl/lv_core/lv_obj.o
                0x0000000008001ff8                lv_scr_load
 .text.lv_obj_set_pos
                0x0000000008002004       0x8c ././lvgl/lv_core/lv_obj.o
                0x0000000008002004                lv_obj_set_pos
 .text.lv_obj_set_x
                0x0000000008002090       0x14 ././lvgl/lv_core/lv_obj.o
                0x0000000008002090                lv_obj_set_x
 .text.lv_obj_set_y
                0x00000000080020a4       0x18 ././lvgl/lv_core/lv_obj.o
                0x00000000080020a4                lv_obj_set_y
 .text.lv_obj_create
                0x00000000080020bc      0x180 ././lvgl/lv_core/lv_obj.o
                0x00000000080020bc                lv_obj_create
 .text.lv_obj_set_parent
                0x000000000800223c       0x58 ././lvgl/lv_core/lv_obj.o
                0x000000000800223c                lv_obj_set_parent
 .text.lv_obj_set_size
                0x0000000008002294       0x68 ././lvgl/lv_core/lv_obj.o
                0x0000000008002294                lv_obj_set_size
 .text.lv_obj_set_width
                0x00000000080022fc       0x10 ././lvgl/lv_core/lv_obj.o
                0x00000000080022fc                lv_obj_set_width
 .text.lv_obj_set_height
                0x000000000800230c       0x10 ././lvgl/lv_core/lv_obj.o
                0x000000000800230c                lv_obj_set_height
 .text.lv_obj_align
                0x000000000800231c      0x3ac ././lvgl/lv_core/lv_obj.o
                0x000000000800231c                lv_obj_align
 .text.lv_obj_refresh_style
                0x00000000080026c8       0x1c ././lvgl/lv_core/lv_obj.o
                0x00000000080026c8                lv_obj_refresh_style
 .text.refresh_childen_style
                0x00000000080026e4       0x3c ././lvgl/lv_core/lv_obj.o
 .text.lv_obj_set_style
                0x0000000008002720       0x14 ././lvgl/lv_core/lv_obj.o
                0x0000000008002720                lv_obj_set_style
 .text.report_style_mod_core
                0x0000000008002734       0x3c ././lvgl/lv_core/lv_obj.o
 .text.lv_init  0x0000000008002770       0x90 ././lvgl/lv_core/lv_obj.o
                0x0000000008002770                lv_init
 .text.lv_obj_report_style_mod
                0x0000000008002800       0x2c ././lvgl/lv_core/lv_obj.o
                0x0000000008002800                lv_obj_report_style_mod
 .text.lv_obj_set_hidden
                0x000000000800282c       0x3c ././lvgl/lv_core/lv_obj.o
                0x000000000800282c                lv_obj_set_hidden
 .text.lv_obj_set_click
                0x0000000008002868       0x10 ././lvgl/lv_core/lv_obj.o
                0x0000000008002868                lv_obj_set_click
 .text.lv_obj_set_top
                0x0000000008002878       0x10 ././lvgl/lv_core/lv_obj.o
                0x0000000008002878                lv_obj_set_top
 .text.lv_obj_set_drag
                0x0000000008002888       0x1c ././lvgl/lv_core/lv_obj.o
                0x0000000008002888                lv_obj_set_drag
 .text.lv_obj_set_drag_throw
                0x00000000080028a4       0x10 ././lvgl/lv_core/lv_obj.o
                0x00000000080028a4                lv_obj_set_drag_throw
 .text.lv_obj_set_drag_parent
                0x00000000080028b4       0x10 ././lvgl/lv_core/lv_obj.o
                0x00000000080028b4                lv_obj_set_drag_parent
 .text.lv_obj_set_protect
                0x00000000080028c4        0xc ././lvgl/lv_core/lv_obj.o
                0x00000000080028c4                lv_obj_set_protect
 .text.lv_obj_clear_protect
                0x00000000080028d0       0x10 ././lvgl/lv_core/lv_obj.o
                0x00000000080028d0                lv_obj_clear_protect
 .text.lv_obj_set_signal_func
                0x00000000080028e0        0x4 ././lvgl/lv_core/lv_obj.o
                0x00000000080028e0                lv_obj_set_signal_func
 .text.lv_obj_set_design_func
                0x00000000080028e4        0x4 ././lvgl/lv_core/lv_obj.o
                0x00000000080028e4                lv_obj_set_design_func
 .text.lv_obj_allocate_ext_attr
                0x00000000080028e8       0x10 ././lvgl/lv_core/lv_obj.o
                0x00000000080028e8                lv_obj_allocate_ext_attr
 .text.lv_obj_refresh_ext_size
                0x00000000080028f8       0x18 ././lvgl/lv_core/lv_obj.o
                0x00000000080028f8                lv_obj_refresh_ext_size
 .text.lv_obj_set_free_num
                0x0000000008002910        0x4 ././lvgl/lv_core/lv_obj.o
                0x0000000008002910                lv_obj_set_free_num
 .text.lv_obj_set_free_ptr
                0x0000000008002914        0x4 ././lvgl/lv_core/lv_obj.o
                0x0000000008002914                lv_obj_set_free_ptr
 .text.lv_obj_animate
                0x0000000008002918       0xdc ././lvgl/lv_core/lv_obj.o
                0x0000000008002918                lv_obj_animate
 .text.lv_scr_act
                0x00000000080029f4        0xc ././lvgl/lv_core/lv_obj.o
                0x00000000080029f4                lv_scr_act
 .text.lv_layer_top
                0x0000000008002a00        0xc ././lvgl/lv_core/lv_obj.o
                0x0000000008002a00                lv_layer_top
 .text.lv_layer_sys
                0x0000000008002a0c        0xc ././lvgl/lv_core/lv_obj.o
                0x0000000008002a0c                lv_layer_sys
 .text.lv_obj_get_screen
                0x0000000008002a18        0xc ././lvgl/lv_core/lv_obj.o
                0x0000000008002a18                lv_obj_get_screen
 .text.lv_obj_get_parent
                0x0000000008002a24        0x4 ././lvgl/lv_core/lv_obj.o
                0x0000000008002a24                lv_obj_get_parent
 .text.lv_obj_get_child
                0x0000000008002a28        0xc ././lvgl/lv_core/lv_obj.o
                0x0000000008002a28                lv_obj_get_child
 .text.lv_obj_clean
                0x0000000008002a34       0x24 ././lvgl/lv_core/lv_obj.o
                0x0000000008002a34                lv_obj_clean
 .text.lv_obj_get_child_back
                0x0000000008002a58        0xc ././lvgl/lv_core/lv_obj.o
                0x0000000008002a58                lv_obj_get_child_back
 .text.lv_obj_count_children
                0x0000000008002a64       0x28 ././lvgl/lv_core/lv_obj.o
                0x0000000008002a64                lv_obj_count_children
 .text.lv_obj_get_coords
                0x0000000008002a8c        0xc ././lvgl/lv_core/lv_obj.o
                0x0000000008002a8c                lv_obj_get_coords
 .text.lv_obj_get_x
                0x0000000008002a98        0xc ././lvgl/lv_core/lv_obj.o
                0x0000000008002a98                lv_obj_get_x
 .text.lv_obj_get_y
                0x0000000008002aa4        0xc ././lvgl/lv_core/lv_obj.o
                0x0000000008002aa4                lv_obj_get_y
 .text.lv_obj_get_width
                0x0000000008002ab0        0xc ././lvgl/lv_core/lv_obj.o
                0x0000000008002ab0                lv_obj_get_width
 .text.lv_obj_get_height
                0x0000000008002abc        0xc ././lvgl/lv_core/lv_obj.o
                0x0000000008002abc                lv_obj_get_height
 .text.lv_obj_get_ext_size
                0x0000000008002ac8        0x8 ././lvgl/lv_core/lv_obj.o
                0x0000000008002ac8                lv_obj_get_ext_size
 .text.lv_obj_get_style
                0x0000000008002ad0       0x78 ././lvgl/lv_core/lv_obj.o
                0x0000000008002ad0                lv_obj_get_style
 .text.lv_obj_design
                0x0000000008002b48       0x98 ././lvgl/lv_core/lv_obj.o
 .text.lv_obj_signal
                0x0000000008002be0       0x60 ././lvgl/lv_core/lv_obj.o
 .text.lv_obj_get_hidden
                0x0000000008002c40        0xc ././lvgl/lv_core/lv_obj.o
                0x0000000008002c40                lv_obj_get_hidden
 .text.lv_obj_get_click
                0x0000000008002c4c        0xc ././lvgl/lv_core/lv_obj.o
                0x0000000008002c4c                lv_obj_get_click
 .text.lv_obj_get_top
                0x0000000008002c58        0xc ././lvgl/lv_core/lv_obj.o
                0x0000000008002c58                lv_obj_get_top
 .text.lv_obj_get_drag
                0x0000000008002c64        0xc ././lvgl/lv_core/lv_obj.o
                0x0000000008002c64                lv_obj_get_drag
 .text.lv_obj_get_drag_throw
                0x0000000008002c70        0xc ././lvgl/lv_core/lv_obj.o
                0x0000000008002c70                lv_obj_get_drag_throw
 .text.lv_obj_get_drag_parent
                0x0000000008002c7c        0xc ././lvgl/lv_core/lv_obj.o
                0x0000000008002c7c                lv_obj_get_drag_parent
 .text.lv_obj_get_protect
                0x0000000008002c88        0x8 ././lvgl/lv_core/lv_obj.o
                0x0000000008002c88                lv_obj_get_protect
 .text.lv_obj_is_protected
                0x0000000008002c90       0x10 ././lvgl/lv_core/lv_obj.o
                0x0000000008002c90                lv_obj_is_protected
 .text.lv_obj_get_signal_func
                0x0000000008002ca0        0x4 ././lvgl/lv_core/lv_obj.o
                0x0000000008002ca0                lv_obj_get_signal_func
 .text.lv_obj_get_design_func
                0x0000000008002ca4        0x4 ././lvgl/lv_core/lv_obj.o
                0x0000000008002ca4                lv_obj_get_design_func
 .text.lv_obj_get_ext_attr
                0x0000000008002ca8        0x4 ././lvgl/lv_core/lv_obj.o
                0x0000000008002ca8                lv_obj_get_ext_attr
 .text.lv_obj_get_type
                0x0000000008002cac       0x64 ././lvgl/lv_core/lv_obj.o
                0x0000000008002cac                lv_obj_get_type
 .text.lv_obj_get_free_num
                0x0000000008002d10        0x4 ././lvgl/lv_core/lv_obj.o
                0x0000000008002d10                lv_obj_get_free_num
 .text.lv_obj_get_free_ptr
                0x0000000008002d14        0x4 ././lvgl/lv_core/lv_obj.o
                0x0000000008002d14                lv_obj_get_free_ptr
 .text.lv_obj_get_group
                0x0000000008002d18        0x4 ././lvgl/lv_core/lv_obj.o
                0x0000000008002d18                lv_obj_get_group
 .text          0x0000000008002d1c        0x0 ././lvgl/lv_core/lv_group.o
 .text.style_mod_def
                0x0000000008002d1c      0x1b8 ././lvgl/lv_core/lv_group.o
 .text.lv_group_focus_next.part.0
                0x0000000008002ed4       0x5c ././lvgl/lv_core/lv_group.o
 .text.lv_group_create
                0x0000000008002f30       0x30 ././lvgl/lv_core/lv_group.o
                0x0000000008002f30                lv_group_create
 .text.lv_group_del
                0x0000000008002f60       0x44 ././lvgl/lv_core/lv_group.o
                0x0000000008002f60                lv_group_del
 .text.lv_group_add_obj
                0x0000000008002fa4       0x30 ././lvgl/lv_core/lv_group.o
                0x0000000008002fa4                lv_group_add_obj
 .text.lv_group_remove_obj
                0x0000000008002fd4       0x60 ././lvgl/lv_core/lv_group.o
                0x0000000008002fd4                lv_group_remove_obj
 .text.lv_group_focus_obj
                0x0000000008003034       0x6c ././lvgl/lv_core/lv_group.o
                0x0000000008003034                lv_group_focus_obj
 .text.lv_group_focus_next
                0x00000000080030a0       0x10 ././lvgl/lv_core/lv_group.o
                0x00000000080030a0                lv_group_focus_next
 .text.lv_group_focus_prev
                0x00000000080030b0       0x68 ././lvgl/lv_core/lv_group.o
                0x00000000080030b0                lv_group_focus_prev
 .text.lv_group_focus_freeze
                0x0000000008003118       0x10 ././lvgl/lv_core/lv_group.o
                0x0000000008003118                lv_group_focus_freeze
 .text.lv_group_send_data
                0x0000000008003128       0x20 ././lvgl/lv_core/lv_group.o
                0x0000000008003128                lv_group_send_data
 .text.lv_group_set_style_mod_cb
                0x0000000008003148       0x10 ././lvgl/lv_core/lv_group.o
                0x0000000008003148                lv_group_set_style_mod_cb
 .text.lv_group_set_focus_cb
                0x0000000008003158        0x4 ././lvgl/lv_core/lv_group.o
                0x0000000008003158                lv_group_set_focus_cb
 .text.lv_group_mod_style
                0x000000000800315c       0x24 ././lvgl/lv_core/lv_group.o
                0x000000000800315c                lv_group_mod_style
 .text.lv_group_get_focused
                0x0000000008003180        0xc ././lvgl/lv_core/lv_group.o
                0x0000000008003180                lv_group_get_focused
 .text.lv_group_get_style_mod_cb
                0x000000000800318c        0x4 ././lvgl/lv_core/lv_group.o
                0x000000000800318c                lv_group_get_style_mod_cb
 .text.lv_group_get_focus_cb
                0x0000000008003190        0x4 ././lvgl/lv_core/lv_group.o
                0x0000000008003190                lv_group_get_focus_cb
 .text          0x0000000008003194        0x0 ././lvgl/lv_core/lv_vdb.o
 .text.lv_vdb_get
                0x0000000008003194       0x14 ././lvgl/lv_core/lv_vdb.o
                0x0000000008003194                lv_vdb_get
 .text.lv_vdb_flush
                0x00000000080031a8       0x38 ././lvgl/lv_core/lv_vdb.o
                0x00000000080031a8                lv_vdb_flush
 .text.lv_flush_ready
                0x00000000080031e0        0xc ././lvgl/lv_core/lv_vdb.o
                0x00000000080031e0                lv_flush_ready
 .text          0x00000000080031ec        0x0 ././lvgl/lv_core/lv_style.o
 .text.style_animation_common_end_cb
                0x00000000080031ec       0x14 ././lvgl/lv_core/lv_style.o
 .text.style_animator
                0x0000000008003200      0x4d8 ././lvgl/lv_core/lv_style.o
 .text.lv_style_init
                0x00000000080036d8      0x388 ././lvgl/lv_core/lv_style.o
                0x00000000080036d8                lv_style_init
 .text.lv_style_copy
                0x0000000008003a60       0x30 ././lvgl/lv_core/lv_style.o
                0x0000000008003a60                lv_style_copy
 .text.lv_style_anim_create
                0x0000000008003a90       0xc4 ././lvgl/lv_core/lv_style.o
                0x0000000008003a90                lv_style_anim_create
 .text          0x0000000008003b54        0x0 ././lvgl/lv_core/lv_indev.o
 .text.indev_search_obj
                0x0000000008003b54       0x60 ././lvgl/lv_core/lv_indev.o
 .text.indev_proc_press
                0x0000000008003bb4      0x280 ././lvgl/lv_core/lv_indev.o
 .text.indev_proc_release
                0x0000000008003e34      0x148 ././lvgl/lv_core/lv_indev.o
 .text.lv_indev_reset.part.5
                0x0000000008003f7c       0x20 ././lvgl/lv_core/lv_indev.o
 .text.indev_proc_task
                0x0000000008003f9c      0x1f0 ././lvgl/lv_core/lv_indev.o
 .text.lv_indev_init
                0x000000000800418c       0x1c ././lvgl/lv_core/lv_indev.o
                0x000000000800418c                lv_indev_init
 .text.lv_indev_get_act
                0x00000000080041a8        0xc ././lvgl/lv_core/lv_indev.o
                0x00000000080041a8                lv_indev_get_act
 .text.lv_indev_reset
                0x00000000080041b4       0x14 ././lvgl/lv_core/lv_indev.o
                0x00000000080041b4                lv_indev_reset
 .text.lv_indev_reset_lpr
                0x00000000080041c8       0x20 ././lvgl/lv_core/lv_indev.o
                0x00000000080041c8                lv_indev_reset_lpr
 .text.lv_indev_enable
                0x00000000080041e8       0x34 ././lvgl/lv_core/lv_indev.o
                0x00000000080041e8                lv_indev_enable
 .text.lv_indev_set_cursor
                0x000000000800421c       0x34 ././lvgl/lv_core/lv_indev.o
                0x000000000800421c                lv_indev_set_cursor
 .text.lv_indev_set_group
                0x0000000008004250        0xc ././lvgl/lv_core/lv_indev.o
                0x0000000008004250                lv_indev_set_group
 .text.lv_indev_set_button_points
                0x000000000800425c        0xc ././lvgl/lv_core/lv_indev.o
                0x000000000800425c                lv_indev_set_button_points
 .text.lv_indev_get_point
                0x0000000008004268       0x20 ././lvgl/lv_core/lv_indev.o
                0x0000000008004268                lv_indev_get_point
 .text.lv_indev_is_dragging
                0x0000000008004288       0x1c ././lvgl/lv_core/lv_indev.o
                0x0000000008004288                lv_indev_is_dragging
 .text.lv_indev_get_vect
                0x00000000080042a4       0x20 ././lvgl/lv_core/lv_indev.o
                0x00000000080042a4                lv_indev_get_vect
 .text.lv_indev_get_inactive_time
                0x00000000080042c4       0x48 ././lvgl/lv_core/lv_indev.o
                0x00000000080042c4                lv_indev_get_inactive_time
 .text.lv_indev_wait_release
                0x000000000800430c       0x10 ././lvgl/lv_core/lv_indev.o
                0x000000000800430c                lv_indev_wait_release
 .text          0x000000000800431c        0x0 ././lvgl/lv_core/lv_refr.o
 .text.lv_refr_get_top_obj
                0x000000000800431c       0x5c ././lvgl/lv_core/lv_refr.o
 .text.lv_refr_obj.part.2
                0x0000000008004378       0xfc ././lvgl/lv_core/lv_refr.o
 .text.lv_refr_obj_and_children
                0x0000000008004474       0x90 ././lvgl/lv_core/lv_refr.o
 .text.lv_refr_area_part_vdb
                0x0000000008004504       0x44 ././lvgl/lv_core/lv_refr.o
 .text.lv_refr_task
                0x0000000008004548      0x1f8 ././lvgl/lv_core/lv_refr.o
 .text.lv_refr_init
                0x0000000008004740       0x34 ././lvgl/lv_core/lv_refr.o
                0x0000000008004740                lv_refr_init
 .text.lv_inv_area
                0x0000000008004774       0x94 ././lvgl/lv_core/lv_refr.o
                0x0000000008004774                lv_inv_area
 .text.lv_refr_set_monitor_cb
                0x0000000008004808        0xc ././lvgl/lv_core/lv_refr.o
                0x0000000008004808                lv_refr_set_monitor_cb
 .text.lv_refr_set_round_cb
                0x0000000008004814        0xc ././lvgl/lv_core/lv_refr.o
                0x0000000008004814                lv_refr_set_round_cb
 .text.lv_refr_get_buf_size
                0x0000000008004820        0xc ././lvgl/lv_core/lv_refr.o
                0x0000000008004820                lv_refr_get_buf_size
 .text.lv_refr_pop_from_buf
                0x000000000800482c       0x18 ././lvgl/lv_core/lv_refr.o
                0x000000000800482c                lv_refr_pop_from_buf
 .text          0x0000000008004844        0x0 ././lvgl/lv_objx/lv_kb.o
 .text.lv_kb_signal
                0x0000000008004844       0x38 ././lvgl/lv_objx/lv_kb.o
 .text.lv_kb_create
                0x000000000800487c      0x10c ././lvgl/lv_objx/lv_kb.o
                0x000000000800487c                lv_kb_create
 .text.lv_kb_set_ta
                0x0000000008004988       0x4c ././lvgl/lv_objx/lv_kb.o
                0x0000000008004988                lv_kb_set_ta
 .text.lv_app_kb_action
                0x00000000080049d4      0x1b0 ././lvgl/lv_objx/lv_kb.o
 .text.lv_kb_set_mode
                0x0000000008004b84       0x40 ././lvgl/lv_objx/lv_kb.o
                0x0000000008004b84                lv_kb_set_mode
 .text.lv_kb_set_cursor_manage
                0x0000000008004bc4       0x50 ././lvgl/lv_objx/lv_kb.o
                0x0000000008004bc4                lv_kb_set_cursor_manage
 .text.lv_kb_set_ok_action
                0x0000000008004c14        0xc ././lvgl/lv_objx/lv_kb.o
                0x0000000008004c14                lv_kb_set_ok_action
 .text.lv_kb_set_hide_action
                0x0000000008004c20        0xc ././lvgl/lv_objx/lv_kb.o
                0x0000000008004c20                lv_kb_set_hide_action
 .text.lv_kb_set_style
                0x0000000008004c2c       0x34 ././lvgl/lv_objx/lv_kb.o
                0x0000000008004c2c                lv_kb_set_style
 .text.lv_kb_get_ta
                0x0000000008004c60        0xc ././lvgl/lv_objx/lv_kb.o
                0x0000000008004c60                lv_kb_get_ta
 .text.lv_kb_get_mode
                0x0000000008004c6c        0xc ././lvgl/lv_objx/lv_kb.o
                0x0000000008004c6c                lv_kb_get_mode
 .text.lv_kb_get_cursor_manage
                0x0000000008004c78       0x10 ././lvgl/lv_objx/lv_kb.o
                0x0000000008004c78                lv_kb_get_cursor_manage
 .text.lv_kb_get_ok_action
                0x0000000008004c88        0xc ././lvgl/lv_objx/lv_kb.o
                0x0000000008004c88                lv_kb_get_ok_action
 .text.lv_kb_get_hide_action
                0x0000000008004c94        0xc ././lvgl/lv_objx/lv_kb.o
                0x0000000008004c94                lv_kb_get_hide_action
 .text.lv_kb_get_style
                0x0000000008004ca0       0x38 ././lvgl/lv_objx/lv_kb.o
                0x0000000008004ca0                lv_kb_get_style
 .text          0x0000000008004cd8        0x0 ././lvgl/lv_objx/lv_sw.o
 .text.lv_sw_on
                0x0000000008004cd8       0x2c ././lvgl/lv_objx/lv_sw.o
                0x0000000008004cd8                lv_sw_on
 .text.lv_sw_off
                0x0000000008004d04       0x2c ././lvgl/lv_objx/lv_sw.o
                0x0000000008004d04                lv_sw_off
 .text.lv_sw_signal
                0x0000000008004d30      0x18c ././lvgl/lv_objx/lv_sw.o
 .text.lv_sw_set_style
                0x0000000008004ebc       0x5c ././lvgl/lv_objx/lv_sw.o
                0x0000000008004ebc                lv_sw_set_style
 .text.lv_sw_create
                0x0000000008004f18       0xd8 ././lvgl/lv_objx/lv_sw.o
                0x0000000008004f18                lv_sw_create
 .text.lv_sw_get_style
                0x0000000008004ff0       0x3c ././lvgl/lv_objx/lv_sw.o
                0x0000000008004ff0                lv_sw_get_style
 .text          0x000000000800502c        0x0 ././lvgl/lv_objx/lv_img.o
 .text.lv_img_design
                0x000000000800502c      0x10c ././lvgl/lv_objx/lv_img.o
 .text.lv_img_set_src
                0x0000000008005138      0x1b4 ././lvgl/lv_objx/lv_img.o
                0x0000000008005138                lv_img_set_src
 .text.lv_img_create
                0x00000000080052ec       0xc8 ././lvgl/lv_objx/lv_img.o
                0x00000000080052ec                lv_img_create
 .text.lv_img_signal
                0x00000000080053b4       0x88 ././lvgl/lv_objx/lv_img.o
 .text.lv_img_set_auto_size
                0x000000000800543c       0x14 ././lvgl/lv_objx/lv_img.o
                0x000000000800543c                lv_img_set_auto_size
 .text.lv_img_get_src_type
                0x0000000008005450       0x28 ././lvgl/lv_objx/lv_img.o
                0x0000000008005450                lv_img_get_src_type
 .text.lv_img_get_file_name
                0x0000000008005478       0x1c ././lvgl/lv_objx/lv_img.o
                0x0000000008005478                lv_img_get_file_name
 .text.lv_img_get_auto_size
                0x0000000008005494       0x10 ././lvgl/lv_objx/lv_img.o
                0x0000000008005494                lv_img_get_auto_size
 .text          0x00000000080054a4        0x0 ././lvgl/lv_objx/lv_slider.o
 .text.lv_slider_set_action
                0x00000000080054a4        0xc ././lvgl/lv_objx/lv_slider.o
                0x00000000080054a4                lv_slider_set_action
 .text.lv_slider_set_knob_in
                0x00000000080054b0       0x28 ././lvgl/lv_objx/lv_slider.o
                0x00000000080054b0                lv_slider_set_knob_in
 .text.lv_slider_set_style
                0x00000000080054d8       0x40 ././lvgl/lv_objx/lv_slider.o
                0x00000000080054d8                lv_slider_set_style
 .text.lv_slider_create
                0x0000000008005518       0xf8 ././lvgl/lv_objx/lv_slider.o
                0x0000000008005518                lv_slider_create
 .text.lv_slider_get_value
                0x0000000008005610       0x20 ././lvgl/lv_objx/lv_slider.o
                0x0000000008005610                lv_slider_get_value
 .text.lv_slider_design
                0x0000000008005630      0x31c ././lvgl/lv_objx/lv_slider.o
 .text.lv_slider_signal
                0x000000000800594c      0x234 ././lvgl/lv_objx/lv_slider.o
 .text.lv_slider_get_action
                0x0000000008005b80        0xc ././lvgl/lv_objx/lv_slider.o
                0x0000000008005b80                lv_slider_get_action
 .text.lv_slider_is_dragged
                0x0000000008005b8c       0x14 ././lvgl/lv_objx/lv_slider.o
                0x0000000008005b8c                lv_slider_is_dragged
 .text.lv_slider_get_knob_in
                0x0000000008005ba0       0x10 ././lvgl/lv_objx/lv_slider.o
                0x0000000008005ba0                lv_slider_get_knob_in
 .text.lv_slider_get_style
                0x0000000008005bb0       0x2c ././lvgl/lv_objx/lv_slider.o
                0x0000000008005bb0                lv_slider_get_style
 .text          0x0000000008005bdc        0x0 ././lvgl/lv_objx/lv_ta.o
 .text.pwd_char_hider_anim
                0x0000000008005bdc        0x4 ././lvgl/lv_objx/lv_ta.o
 .text.cursor_blink_anim
                0x0000000008005be0       0x3c ././lvgl/lv_objx/lv_ta.o
 .text.pwd_char_hider
                0x0000000008005c1c       0x48 ././lvgl/lv_objx/lv_ta.o
 .text.lv_ta_design
                0x0000000008005c64       0x24 ././lvgl/lv_objx/lv_ta.o
 .text.lv_ta_scrollable_signal
                0x0000000008005c88       0x48 ././lvgl/lv_objx/lv_ta.o
 .text.lv_ta_scrollable_design
                0x0000000008005cd0      0x36c ././lvgl/lv_objx/lv_ta.o
 .text.lv_ta_set_cursor_pos
                0x000000000800603c      0x178 ././lvgl/lv_objx/lv_ta.o
                0x000000000800603c                lv_ta_set_cursor_pos
 .text.lv_ta_del_char
                0x00000000080061b4       0x94 ././lvgl/lv_objx/lv_ta.o
                0x00000000080061b4                lv_ta_del_char
 .text.lv_ta_set_text
                0x0000000008006248       0xac ././lvgl/lv_objx/lv_ta.o
                0x0000000008006248                lv_ta_set_text
 .text.lv_ta_add_char
                0x00000000080062f4       0xa8 ././lvgl/lv_objx/lv_ta.o
                0x00000000080062f4                lv_ta_add_char
 .text.lv_ta_add_text
                0x000000000800639c       0xb8 ././lvgl/lv_objx/lv_ta.o
                0x000000000800639c                lv_ta_add_text
 .text.lv_ta_set_cursor_type
                0x0000000008006454       0x24 ././lvgl/lv_objx/lv_ta.o
                0x0000000008006454                lv_ta_set_cursor_type
 .text.lv_ta_set_pwd_mode
                0x0000000008006478       0x8c ././lvgl/lv_objx/lv_ta.o
                0x0000000008006478                lv_ta_set_pwd_mode
 .text.lv_ta_set_one_line
                0x0000000008006504       0xe4 ././lvgl/lv_objx/lv_ta.o
                0x0000000008006504                lv_ta_set_one_line
 .text.lv_ta_set_style
                0x00000000080065e8       0x44 ././lvgl/lv_objx/lv_ta.o
                0x00000000080065e8                lv_ta_set_style
 .text.lv_ta_create
                0x000000000800662c      0x220 ././lvgl/lv_objx/lv_ta.o
                0x000000000800662c                lv_ta_create
 .text.lv_ta_get_text
                0x000000000800684c       0x1c ././lvgl/lv_objx/lv_ta.o
                0x000000000800684c                lv_ta_get_text
 .text.lv_ta_get_label
                0x0000000008006868        0xc ././lvgl/lv_objx/lv_ta.o
                0x0000000008006868                lv_ta_get_label
 .text.lv_ta_get_cursor_pos
                0x0000000008006874        0xc ././lvgl/lv_objx/lv_ta.o
                0x0000000008006874                lv_ta_get_cursor_pos
 .text.lv_ta_get_cursor_type
                0x0000000008006880        0xc ././lvgl/lv_objx/lv_ta.o
                0x0000000008006880                lv_ta_get_cursor_type
 .text.lv_ta_get_pwd_mode
                0x000000000800688c       0x10 ././lvgl/lv_objx/lv_ta.o
                0x000000000800688c                lv_ta_get_pwd_mode
 .text.lv_ta_get_one_line
                0x000000000800689c       0x10 ././lvgl/lv_objx/lv_ta.o
                0x000000000800689c                lv_ta_get_one_line
 .text.lv_ta_get_style
                0x00000000080068ac       0x34 ././lvgl/lv_objx/lv_ta.o
                0x00000000080068ac                lv_ta_get_style
 .text.lv_ta_cursor_right
                0x00000000080068e0       0x18 ././lvgl/lv_objx/lv_ta.o
                0x00000000080068e0                lv_ta_cursor_right
 .text.lv_ta_cursor_left
                0x00000000080068f8       0x1c ././lvgl/lv_objx/lv_ta.o
                0x00000000080068f8                lv_ta_cursor_left
 .text.lv_ta_cursor_down
                0x0000000008006914       0x68 ././lvgl/lv_objx/lv_ta.o
                0x0000000008006914                lv_ta_cursor_down
 .text.lv_ta_cursor_up
                0x000000000800697c       0x58 ././lvgl/lv_objx/lv_ta.o
                0x000000000800697c                lv_ta_cursor_up
 .text.lv_ta_signal
                0x00000000080069d4      0x1ac ././lvgl/lv_objx/lv_ta.o
 .text          0x0000000008006b80        0x0 ././lvgl/lv_objx/lv_chart.o
 .text.lv_chart_design
                0x0000000008006b80      0x604 ././lvgl/lv_objx/lv_chart.o
 .text.lv_chart_signal
                0x0000000008007184       0x70 ././lvgl/lv_objx/lv_chart.o
 .text.lv_chart_create
                0x00000000080071f4       0xf0 ././lvgl/lv_objx/lv_chart.o
                0x00000000080071f4                lv_chart_create
 .text.lv_chart_add_series
                0x00000000080072e4       0x48 ././lvgl/lv_objx/lv_chart.o
                0x00000000080072e4                lv_chart_add_series
 .text.lv_chart_set_div_line_count
                0x000000000800732c       0x28 ././lvgl/lv_objx/lv_chart.o
                0x000000000800732c                lv_chart_set_div_line_count
 .text.lv_chart_set_range
                0x0000000008007354       0x2c ././lvgl/lv_objx/lv_chart.o
                0x0000000008007354                lv_chart_set_range
 .text.lv_chart_set_type
                0x0000000008007380       0x28 ././lvgl/lv_objx/lv_chart.o
                0x0000000008007380                lv_chart_set_type
 .text.lv_chart_set_point_count
                0x00000000080073a8       0xa8 ././lvgl/lv_objx/lv_chart.o
                0x00000000080073a8                lv_chart_set_point_count
 .text.lv_chart_set_series_opa
                0x0000000008007450       0x20 ././lvgl/lv_objx/lv_chart.o
                0x0000000008007450                lv_chart_set_series_opa
 .text.lv_chart_set_series_width
                0x0000000008007470       0x20 ././lvgl/lv_objx/lv_chart.o
                0x0000000008007470                lv_chart_set_series_width
 .text.lv_chart_set_series_darking
                0x0000000008007490       0x20 ././lvgl/lv_objx/lv_chart.o
                0x0000000008007490                lv_chart_set_series_darking
 .text.lv_chart_init_points
                0x00000000080074b0       0x30 ././lvgl/lv_objx/lv_chart.o
                0x00000000080074b0                lv_chart_init_points
 .text.lv_chart_set_points
                0x00000000080074e0       0x24 ././lvgl/lv_objx/lv_chart.o
                0x00000000080074e0                lv_chart_set_points
 .text.lv_chart_set_next
                0x0000000008007504       0x44 ././lvgl/lv_objx/lv_chart.o
                0x0000000008007504                lv_chart_set_next
 .text.lv_chart_get_type
                0x0000000008007548       0x10 ././lvgl/lv_objx/lv_chart.o
                0x0000000008007548                lv_chart_get_type
 .text.lv_chart_get_point_cnt
                0x0000000008007558        0xc ././lvgl/lv_objx/lv_chart.o
                0x0000000008007558                lv_chart_get_point_cnt
 .text.lv_chart_get_series_opa
                0x0000000008007564        0xc ././lvgl/lv_objx/lv_chart.o
                0x0000000008007564                lv_chart_get_series_opa
 .text.lv_chart_get_series_width
                0x0000000008007570        0xc ././lvgl/lv_objx/lv_chart.o
                0x0000000008007570                lv_chart_get_series_width
 .text.lv_chart_get_series_darking
                0x000000000800757c        0xc ././lvgl/lv_objx/lv_chart.o
                0x000000000800757c                lv_chart_get_series_darking
 .text.lv_chart_refresh
                0x0000000008007588        0x4 ././lvgl/lv_objx/lv_chart.o
                0x0000000008007588                lv_chart_refresh
 .text          0x000000000800758c        0x0 ././lvgl/lv_objx/lv_ddlist.o
 .text.lv_ddlist_pos_current_option
                0x000000000800758c       0x5c ././lvgl/lv_objx/lv_ddlist.o
 .text.lv_ddlist_refr_size
                0x00000000080075e8       0xb4 ././lvgl/lv_objx/lv_ddlist.o
 .text.lv_ddlist_release_action
                0x000000000800769c       0xa8 ././lvgl/lv_objx/lv_ddlist.o
 .text.lv_ddlist_signal
                0x0000000008007744      0x178 ././lvgl/lv_objx/lv_ddlist.o
 .text.lv_ddlist_scrl_signal
                0x00000000080078bc       0x50 ././lvgl/lv_objx/lv_ddlist.o
 .text.lv_ddlist_design
                0x000000000800790c      0x130 ././lvgl/lv_objx/lv_ddlist.o
 .text.lv_ddlist_set_options
                0x0000000008007a3c       0x48 ././lvgl/lv_objx/lv_ddlist.o
                0x0000000008007a3c                lv_ddlist_set_options
 .text.lv_ddlist_set_selected
                0x0000000008007a84       0x3c ././lvgl/lv_objx/lv_ddlist.o
                0x0000000008007a84                lv_ddlist_set_selected
 .text.lv_ddlist_set_action
                0x0000000008007ac0        0xc ././lvgl/lv_objx/lv_ddlist.o
                0x0000000008007ac0                lv_ddlist_set_action
 .text.lv_ddlist_set_fix_height
                0x0000000008007acc       0x24 ././lvgl/lv_objx/lv_ddlist.o
                0x0000000008007acc                lv_ddlist_set_fix_height
 .text.lv_ddlist_set_hor_fit
                0x0000000008007af0       0x3c ././lvgl/lv_objx/lv_ddlist.o
                0x0000000008007af0                lv_ddlist_set_hor_fit
 .text.lv_ddlist_set_anim_time
                0x0000000008007b2c        0xc ././lvgl/lv_objx/lv_ddlist.o
                0x0000000008007b2c                lv_ddlist_set_anim_time
 .text.lv_ddlist_set_style
                0x0000000008007b38       0x44 ././lvgl/lv_objx/lv_ddlist.o
                0x0000000008007b38                lv_ddlist_set_style
 .text.lv_ddlist_create
                0x0000000008007b7c      0x1c0 ././lvgl/lv_objx/lv_ddlist.o
                0x0000000008007b7c                lv_ddlist_create
 .text.lv_ddlist_get_options
                0x0000000008007d3c       0x10 ././lvgl/lv_objx/lv_ddlist.o
                0x0000000008007d3c                lv_ddlist_get_options
 .text.lv_ddlist_get_selected
                0x0000000008007d4c        0xc ././lvgl/lv_objx/lv_ddlist.o
                0x0000000008007d4c                lv_ddlist_get_selected
 .text.lv_ddlist_get_selected_str
                0x0000000008007d58       0x84 ././lvgl/lv_objx/lv_ddlist.o
                0x0000000008007d58                lv_ddlist_get_selected_str
 .text.lv_ddlist_get_action
                0x0000000008007ddc        0xc ././lvgl/lv_objx/lv_ddlist.o
                0x0000000008007ddc                lv_ddlist_get_action
 .text.lv_ddlist_get_fix_height
                0x0000000008007de8        0xc ././lvgl/lv_objx/lv_ddlist.o
                0x0000000008007de8                lv_ddlist_get_fix_height
 .text.lv_ddlist_get_anim_time
                0x0000000008007df4        0xc ././lvgl/lv_objx/lv_ddlist.o
                0x0000000008007df4                lv_ddlist_get_anim_time
 .text.lv_ddlist_get_style
                0x0000000008007e00       0x2c ././lvgl/lv_objx/lv_ddlist.o
                0x0000000008007e00                lv_ddlist_get_style
 .text.lv_ddlist_open
                0x0000000008007e2c       0x30 ././lvgl/lv_objx/lv_ddlist.o
                0x0000000008007e2c                lv_ddlist_open
 .text.lv_ddlist_close
                0x0000000008007e5c       0x30 ././lvgl/lv_objx/lv_ddlist.o
                0x0000000008007e5c                lv_ddlist_close
 .text          0x0000000008007e8c        0x0 ././lvgl/lv_objx/lv_cb.o
 .text.lv_cb_design
                0x0000000008007e8c       0x40 ././lvgl/lv_objx/lv_cb.o
 .text.lv_bullet_design
                0x0000000008007ecc       0x80 ././lvgl/lv_objx/lv_cb.o
 .text.lv_cb_signal
                0x0000000008007f4c       0x9c ././lvgl/lv_objx/lv_cb.o
 .text.lv_cb_set_text
                0x0000000008007fe8       0x14 ././lvgl/lv_objx/lv_cb.o
                0x0000000008007fe8                lv_cb_set_text
 .text.lv_cb_set_style
                0x0000000008007ffc       0x98 ././lvgl/lv_objx/lv_cb.o
                0x0000000008007ffc                lv_cb_set_style
 .text.lv_cb_create
                0x0000000008008094      0x178 ././lvgl/lv_objx/lv_cb.o
                0x0000000008008094                lv_cb_create
 .text.lv_cb_get_text
                0x000000000800820c       0x10 ././lvgl/lv_objx/lv_cb.o
                0x000000000800820c                lv_cb_get_text
 .text.lv_cb_get_style
                0x000000000800821c       0x58 ././lvgl/lv_objx/lv_cb.o
                0x000000000800821c                lv_cb_get_style
 .text          0x0000000008008274        0x0 ././lvgl/lv_objx/lv_mbox.o
 .text.lv_mbox_set_action
                0x0000000008008274       0x14 ././lvgl/lv_objx/lv_mbox.o
                0x0000000008008274                lv_mbox_set_action
 .text.lv_mbox_set_anim_time
                0x0000000008008288        0xc ././lvgl/lv_objx/lv_mbox.o
                0x0000000008008288                lv_mbox_set_anim_time
 .text.lv_mbox_start_auto_close
                0x0000000008008294       0x58 ././lvgl/lv_objx/lv_mbox.o
                0x0000000008008294                lv_mbox_start_auto_close
 .text.lv_mbox_close_action
                0x00000000080082ec       0x1c ././lvgl/lv_objx/lv_mbox.o
 .text.lv_mbox_stop_auto_close
                0x0000000008008308        0x8 ././lvgl/lv_objx/lv_mbox.o
                0x0000000008008308                lv_mbox_stop_auto_close
 .text.lv_mbox_set_style
                0x0000000008008310       0x80 ././lvgl/lv_objx/lv_mbox.o
                0x0000000008008310                lv_mbox_set_style
 .text.lv_mbox_create
                0x0000000008008390       0xe8 ././lvgl/lv_objx/lv_mbox.o
                0x0000000008008390                lv_mbox_create
 .text.lv_mbox_get_text
                0x0000000008008478       0x10 ././lvgl/lv_objx/lv_mbox.o
                0x0000000008008478                lv_mbox_get_text
 .text.lv_mbox_get_from_btn
                0x0000000008008488        0x4 ././lvgl/lv_objx/lv_mbox.o
                0x0000000008008488                lv_mbox_get_from_btn
 .text.lv_mbox_get_anim_time
                0x000000000800848c        0xc ././lvgl/lv_objx/lv_mbox.o
                0x000000000800848c                lv_mbox_get_anim_time
 .text.lv_mbox_get_style
                0x0000000008008498       0x70 ././lvgl/lv_objx/lv_mbox.o
                0x0000000008008498                lv_mbox_get_style
 .text.mbox_realign
                0x0000000008008508       0x64 ././lvgl/lv_objx/lv_mbox.o
 .text.lv_mbox_signal
                0x000000000800856c       0xcc ././lvgl/lv_objx/lv_mbox.o
 .text.lv_mbox_add_btns
                0x0000000008008638       0x94 ././lvgl/lv_objx/lv_mbox.o
                0x0000000008008638                lv_mbox_add_btns
 .text.lv_mbox_set_text
                0x00000000080086cc       0x1c ././lvgl/lv_objx/lv_mbox.o
                0x00000000080086cc                lv_mbox_set_text
 .text          0x00000000080086e8        0x0 ././lvgl/lv_objx/lv_roller.o
 .text.refr_position
                0x00000000080086e8       0xac ././lvgl/lv_objx/lv_roller.o
 .text.lv_roller_scrl_signal
                0x0000000008008794      0x118 ././lvgl/lv_objx/lv_roller.o
 .text.lv_roller_design
                0x00000000080088ac      0x264 ././lvgl/lv_objx/lv_roller.o
 .text.lv_roller_set_selected
                0x0000000008008b10       0x28 ././lvgl/lv_objx/lv_roller.o
                0x0000000008008b10                lv_roller_set_selected
 .text.lv_roller_signal
                0x0000000008008b38      0x170 ././lvgl/lv_objx/lv_roller.o
 .text.lv_roller_set_visible_row_count
                0x0000000008008ca8       0x2c ././lvgl/lv_objx/lv_roller.o
                0x0000000008008ca8                lv_roller_set_visible_row_count
 .text.lv_roller_create
                0x0000000008008cd4      0x100 ././lvgl/lv_objx/lv_roller.o
                0x0000000008008cd4                lv_roller_create
 .text.lv_roller_set_style
                0x0000000008008dd4       0x18 ././lvgl/lv_objx/lv_roller.o
                0x0000000008008dd4                lv_roller_set_style
 .text.lv_roller_get_hor_fit
                0x0000000008008dec       0x10 ././lvgl/lv_objx/lv_roller.o
                0x0000000008008dec                lv_roller_get_hor_fit
 .text.lv_roller_get_style
                0x0000000008008dfc       0x14 ././lvgl/lv_objx/lv_roller.o
                0x0000000008008dfc                lv_roller_get_style
 .text          0x0000000008008e10        0x0 ././lvgl/lv_objx/lv_objx_templ.o
 .text          0x0000000008008e10        0x0 ././lvgl/lv_objx/lv_gauge.o
 .text.lv_gauge_design
                0x0000000008008e10      0x3bc ././lvgl/lv_objx/lv_gauge.o
 .text.lv_gauge_signal
                0x00000000080091cc       0x54 ././lvgl/lv_objx/lv_gauge.o
 .text.lv_gauge_set_needle_count
                0x0000000008009220       0x64 ././lvgl/lv_objx/lv_gauge.o
                0x0000000008009220                lv_gauge_set_needle_count
 .text.lv_gauge_set_value
                0x0000000008009284       0x54 ././lvgl/lv_objx/lv_gauge.o
                0x0000000008009284                lv_gauge_set_value
 .text.lv_gauge_set_scale
                0x00000000080092d8       0x1c ././lvgl/lv_objx/lv_gauge.o
                0x00000000080092d8                lv_gauge_set_scale
 .text.lv_gauge_create
                0x00000000080092f4       0xf4 ././lvgl/lv_objx/lv_gauge.o
                0x00000000080092f4                lv_gauge_create
 .text.lv_gauge_get_value
                0x00000000080093e8       0x20 ././lvgl/lv_objx/lv_gauge.o
                0x00000000080093e8                lv_gauge_get_value
 .text.lv_gauge_get_needle_count
                0x0000000008009408        0xc ././lvgl/lv_objx/lv_gauge.o
                0x0000000008009408                lv_gauge_get_needle_count
 .text.lv_gauge_get_label_count
                0x0000000008009414        0xc ././lvgl/lv_objx/lv_gauge.o
                0x0000000008009414                lv_gauge_get_label_count
 .text          0x0000000008009420        0x0 ././lvgl/lv_objx/lv_win.o
 .text.lv_win_close_action
                0x0000000008009420       0x14 ././lvgl/lv_objx/lv_win.o
                0x0000000008009420                lv_win_close_action
 .text.lv_win_set_layout
                0x0000000008009434       0x18 ././lvgl/lv_objx/lv_win.o
                0x0000000008009434                lv_win_set_layout
 .text.lv_win_set_sb_mode
                0x000000000800944c       0x14 ././lvgl/lv_objx/lv_win.o
                0x000000000800944c                lv_win_set_sb_mode
 .text.lv_win_get_title
                0x0000000008009460       0x10 ././lvgl/lv_objx/lv_win.o
                0x0000000008009460                lv_win_get_title
 .text.lv_win_get_btn_size
                0x0000000008009470        0xc ././lvgl/lv_objx/lv_win.o
                0x0000000008009470                lv_win_get_btn_size
 .text.lv_win_get_layout
                0x000000000800947c       0x14 ././lvgl/lv_objx/lv_win.o
                0x000000000800947c                lv_win_get_layout
 .text.lv_win_get_sb_mode
                0x0000000008009490       0x10 ././lvgl/lv_objx/lv_win.o
                0x0000000008009490                lv_win_get_sb_mode
 .text.lv_win_get_width
                0x00000000080094a0       0x24 ././lvgl/lv_objx/lv_win.o
                0x00000000080094a0                lv_win_get_width
 .text.lv_win_get_from_btn
                0x00000000080094c4       0x10 ././lvgl/lv_objx/lv_win.o
                0x00000000080094c4                lv_win_get_from_btn
 .text.lv_win_get_style
                0x00000000080094d4       0x60 ././lvgl/lv_objx/lv_win.o
                0x00000000080094d4                lv_win_get_style
 .text.lv_win_realign
                0x0000000008009534      0x104 ././lvgl/lv_objx/lv_win.o
 .text.lv_win_signal
                0x0000000008009638       0xd0 ././lvgl/lv_objx/lv_win.o
 .text.lv_win_add_btn
                0x0000000008009708       0x68 ././lvgl/lv_objx/lv_win.o
                0x0000000008009708                lv_win_add_btn
 .text.lv_win_set_title
                0x0000000008009770       0x1c ././lvgl/lv_objx/lv_win.o
                0x0000000008009770                lv_win_set_title
 .text.lv_win_set_btn_size
                0x000000000800978c       0x20 ././lvgl/lv_objx/lv_win.o
                0x000000000800978c                lv_win_set_btn_size
 .text.lv_win_set_style
                0x00000000080097ac       0xa8 ././lvgl/lv_objx/lv_win.o
                0x00000000080097ac                lv_win_set_style
 .text.lv_win_create
                0x0000000008009854      0x1f8 ././lvgl/lv_objx/lv_win.o
                0x0000000008009854                lv_win_create
 .text.lv_win_focus
                0x0000000008009a4c       0x18 ././lvgl/lv_objx/lv_win.o
                0x0000000008009a4c                lv_win_focus
 .text          0x0000000008009a64        0x0 ././lvgl/lv_objx/lv_list.o
 .text.get_next_btn
                0x0000000008009a64       0x3c ././lvgl/lv_objx/lv_list.o
 .text.lv_list_add
                0x0000000008009aa0      0x13c ././lvgl/lv_objx/lv_list.o
                0x0000000008009aa0                lv_list_add
 .text.lv_list_set_anim_time
                0x0000000008009bdc       0x14 ././lvgl/lv_objx/lv_list.o
                0x0000000008009bdc                lv_list_set_anim_time
 .text.lv_list_get_btn_label
                0x0000000008009bf0       0x34 ././lvgl/lv_objx/lv_list.o
                0x0000000008009bf0                lv_list_get_btn_label
 .text.lv_list_get_btn_text
                0x0000000008009c24       0x18 ././lvgl/lv_objx/lv_list.o
                0x0000000008009c24                lv_list_get_btn_text
 .text.refr_btn_width
                0x0000000008009c3c       0x80 ././lvgl/lv_objx/lv_list.o
 .text.lv_list_signal
                0x0000000008009cbc      0x180 ././lvgl/lv_objx/lv_list.o
 .text.lv_list_set_style
                0x0000000008009e3c       0x98 ././lvgl/lv_objx/lv_list.o
                0x0000000008009e3c                lv_list_set_style
 .text.lv_list_get_btn_img
                0x0000000008009ed4       0x34 ././lvgl/lv_objx/lv_list.o
                0x0000000008009ed4                lv_list_get_btn_img
 .text.lv_list_create
                0x0000000008009f08      0x1a4 ././lvgl/lv_objx/lv_list.o
                0x0000000008009f08                lv_list_create
 .text.lv_list_get_anim_time
                0x000000000800a0ac        0xc ././lvgl/lv_objx/lv_list.o
                0x000000000800a0ac                lv_list_get_anim_time
 .text.lv_list_get_style
                0x000000000800a0b8       0x58 ././lvgl/lv_objx/lv_list.o
                0x000000000800a0b8                lv_list_get_style
 .text.lv_list_up
                0x000000000800a110       0xbc ././lvgl/lv_objx/lv_list.o
                0x000000000800a110                lv_list_up
 .text.lv_list_down
                0x000000000800a1cc       0x88 ././lvgl/lv_objx/lv_list.o
                0x000000000800a1cc                lv_list_down
 .text.lv_list_focus
                0x000000000800a254       0x34 ././lvgl/lv_objx/lv_list.o
                0x000000000800a254                lv_list_focus
 .text          0x000000000800a288        0x0 ././lvgl/lv_objx/lv_tabview.o
 .text.tabpage_pressing_handler
                0x000000000800a288       0xec ././lvgl/lv_objx/lv_tabview.o
 .text.tabpage_pressed_handler.isra.3
                0x000000000800a374       0x18 ././lvgl/lv_objx/lv_tabview.o
 .text.lv_tabview_set_tab_act
                0x000000000800a38c      0x164 ././lvgl/lv_objx/lv_tabview.o
                0x000000000800a38c                lv_tabview_set_tab_act
 .text.tab_btnm_action
                0x000000000800a4f0       0x44 ././lvgl/lv_objx/lv_tabview.o
 .text.tabpage_press_lost_handler
                0x000000000800a534       0xc4 ././lvgl/lv_objx/lv_tabview.o
 .text.tabpage_signal
                0x000000000800a5f8       0x5c ././lvgl/lv_objx/lv_tabview.o
 .text.tabpage_scrl_signal
                0x000000000800a654       0x60 ././lvgl/lv_objx/lv_tabview.o
 .text.lv_tabview_set_tab_load_action
                0x000000000800a6b4        0xc ././lvgl/lv_objx/lv_tabview.o
                0x000000000800a6b4                lv_tabview_set_tab_load_action
 .text.lv_tabview_set_sliding
                0x000000000800a6c0       0x14 ././lvgl/lv_objx/lv_tabview.o
                0x000000000800a6c0                lv_tabview_set_sliding
 .text.lv_tabview_set_anim_time
                0x000000000800a6d4        0xc ././lvgl/lv_objx/lv_tabview.o
                0x000000000800a6d4                lv_tabview_set_anim_time
 .text.lv_tabview_get_tab_act
                0x000000000800a6e0        0xc ././lvgl/lv_objx/lv_tabview.o
                0x000000000800a6e0                lv_tabview_get_tab_act
 .text.lv_tabview_get_tab_count
                0x000000000800a6ec        0xc ././lvgl/lv_objx/lv_tabview.o
                0x000000000800a6ec                lv_tabview_get_tab_count
 .text.lv_tabview_get_tab
                0x000000000800a6f8       0x34 ././lvgl/lv_objx/lv_tabview.o
                0x000000000800a6f8                lv_tabview_get_tab
 .text.lv_tabview_get_tab_load_action
                0x000000000800a72c        0xc ././lvgl/lv_objx/lv_tabview.o
                0x000000000800a72c                lv_tabview_get_tab_load_action
 .text.lv_tabview_get_sliding
                0x000000000800a738       0x10 ././lvgl/lv_objx/lv_tabview.o
                0x000000000800a738                lv_tabview_get_sliding
 .text.lv_tabview_get_anim_time
                0x000000000800a748        0xc ././lvgl/lv_objx/lv_tabview.o
                0x000000000800a748                lv_tabview_get_anim_time
 .text.lv_tabview_get_style
                0x000000000800a754       0x64 ././lvgl/lv_objx/lv_tabview.o
                0x000000000800a754                lv_tabview_get_style
 .text.tabview_realign
                0x000000000800a7b8      0x110 ././lvgl/lv_objx/lv_tabview.o
 .text.lv_tabview_signal
                0x000000000800a8c8       0xd8 ././lvgl/lv_objx/lv_tabview.o
 .text.lv_tabview_add_tab
                0x000000000800a9a0      0x174 ././lvgl/lv_objx/lv_tabview.o
                0x000000000800a9a0                lv_tabview_add_tab
 .text.lv_tabview_set_style
                0x000000000800ab14       0x9c ././lvgl/lv_objx/lv_tabview.o
                0x000000000800ab14                lv_tabview_set_style
 .text.lv_tabview_create
                0x000000000800abb0      0x278 ././lvgl/lv_objx/lv_tabview.o
                0x000000000800abb0                lv_tabview_create
 .text          0x000000000800ae28        0x0 ././lvgl/lv_objx/lv_line.o
 .text.lv_line_signal
                0x000000000800ae28       0x58 ././lvgl/lv_objx/lv_line.o
 .text.lv_line_design
                0x000000000800ae80       0xd0 ././lvgl/lv_objx/lv_line.o
 .text.lv_line_set_points
                0x000000000800af50       0x68 ././lvgl/lv_objx/lv_line.o
                0x000000000800af50                lv_line_set_points
 .text.lv_line_set_auto_size
                0x000000000800afb8       0x30 ././lvgl/lv_objx/lv_line.o
                0x000000000800afb8                lv_line_set_auto_size
 .text.lv_line_set_y_invert
                0x000000000800afe8       0x28 ././lvgl/lv_objx/lv_line.o
                0x000000000800afe8                lv_line_set_y_invert
 .text.lv_line_create
                0x000000000800b010       0xd0 ././lvgl/lv_objx/lv_line.o
                0x000000000800b010                lv_line_create
 .text.lv_line_get_auto_size
                0x000000000800b0e0       0x10 ././lvgl/lv_objx/lv_line.o
                0x000000000800b0e0                lv_line_get_auto_size
 .text.lv_line_get_y_inv
                0x000000000800b0f0       0x10 ././lvgl/lv_objx/lv_line.o
                0x000000000800b0f0                lv_line_get_y_inv
 .text          0x000000000800b100        0x0 ././lvgl/lv_objx/lv_btn.o
 .text.lv_btn_set_toggle
                0x000000000800b100       0x18 ././lvgl/lv_objx/lv_btn.o
                0x000000000800b100                lv_btn_set_toggle
 .text.lv_btn_set_state
                0x000000000800b118       0x28 ././lvgl/lv_objx/lv_btn.o
                0x000000000800b118                lv_btn_set_state
 .text.lv_btn_signal
                0x000000000800b140      0x278 ././lvgl/lv_objx/lv_btn.o
 .text.lv_btn_toggle
                0x000000000800b3b8       0x4c ././lvgl/lv_objx/lv_btn.o
                0x000000000800b3b8                lv_btn_toggle
 .text.lv_btn_set_action
                0x000000000800b404       0x18 ././lvgl/lv_objx/lv_btn.o
                0x000000000800b404                lv_btn_set_action
 .text.lv_btn_set_style
                0x000000000800b41c       0x40 ././lvgl/lv_objx/lv_btn.o
                0x000000000800b41c                lv_btn_set_style
 .text.lv_btn_create
                0x000000000800b45c      0x12c ././lvgl/lv_objx/lv_btn.o
                0x000000000800b45c                lv_btn_create
 .text.lv_btn_get_state
                0x000000000800b588        0xc ././lvgl/lv_objx/lv_btn.o
                0x000000000800b588                lv_btn_get_state
 .text.lv_btn_get_toggle
                0x000000000800b594       0x10 ././lvgl/lv_objx/lv_btn.o
                0x000000000800b594                lv_btn_get_toggle
 .text.lv_btn_get_action
                0x000000000800b5a4       0x18 ././lvgl/lv_objx/lv_btn.o
                0x000000000800b5a4                lv_btn_get_action
 .text.lv_btn_get_style
                0x000000000800b5bc       0x30 ././lvgl/lv_objx/lv_btn.o
                0x000000000800b5bc                lv_btn_get_style
 .text          0x000000000800b5ec        0x0 ././lvgl/lv_objx/lv_label.o
 .text.lv_label_revert_dots
                0x000000000800b5ec       0x40 ././lvgl/lv_objx/lv_label.o
 .text.lv_label_set_offset_y
                0x000000000800b62c       0x18 ././lvgl/lv_objx/lv_label.o
 .text.lv_label_set_offset_x
                0x000000000800b644       0x18 ././lvgl/lv_objx/lv_label.o
 .text.lv_label_design
                0x000000000800b65c       0xc8 ././lvgl/lv_objx/lv_label.o
 .text.lv_label_set_align
                0x000000000800b724       0x28 ././lvgl/lv_objx/lv_label.o
                0x000000000800b724                lv_label_set_align
 .text.lv_label_set_body_draw
                0x000000000800b74c       0x2c ././lvgl/lv_objx/lv_label.o
                0x000000000800b74c                lv_label_set_body_draw
 .text.lv_label_get_text
                0x000000000800b778        0xc ././lvgl/lv_objx/lv_label.o
                0x000000000800b778                lv_label_get_text
 .text.lv_label_get_long_mode
                0x000000000800b784        0xc ././lvgl/lv_objx/lv_label.o
                0x000000000800b784                lv_label_get_long_mode
 .text.lv_label_get_align
                0x000000000800b790       0x10 ././lvgl/lv_objx/lv_label.o
                0x000000000800b790                lv_label_get_align
 .text.lv_label_get_recolor
                0x000000000800b7a0       0x10 ././lvgl/lv_objx/lv_label.o
                0x000000000800b7a0                lv_label_get_recolor
 .text.lv_label_get_no_break
                0x000000000800b7b0       0x10 ././lvgl/lv_objx/lv_label.o
                0x000000000800b7b0                lv_label_get_no_break
 .text.lv_label_get_body_draw
                0x000000000800b7c0       0x10 ././lvgl/lv_objx/lv_label.o
                0x000000000800b7c0                lv_label_get_body_draw
 .text.lv_label_get_anim_speed
                0x000000000800b7d0        0xc ././lvgl/lv_objx/lv_label.o
                0x000000000800b7d0                lv_label_get_anim_speed
 .text.lv_label_get_letter_pos
                0x000000000800b7dc      0x1b8 ././lvgl/lv_objx/lv_label.o
                0x000000000800b7dc                lv_label_get_letter_pos
 .text.lv_label_get_letter_on
                0x000000000800b994      0x18c ././lvgl/lv_objx/lv_label.o
                0x000000000800b994                lv_label_get_letter_on
 .text.lv_label_refr_text
                0x000000000800bb20      0x364 ././lvgl/lv_objx/lv_label.o
 .text.lv_label_signal
                0x000000000800be84       0xc8 ././lvgl/lv_objx/lv_label.o
 .text.lv_label_set_text
                0x000000000800bf4c       0x70 ././lvgl/lv_objx/lv_label.o
                0x000000000800bf4c                lv_label_set_text
 .text.lv_label_set_array_text
                0x000000000800bfbc       0x64 ././lvgl/lv_objx/lv_label.o
                0x000000000800bfbc                lv_label_set_array_text
 .text.lv_label_set_static_text
                0x000000000800c020       0x34 ././lvgl/lv_objx/lv_label.o
                0x000000000800c020                lv_label_set_static_text
 .text.lv_label_set_long_mode
                0x000000000800c054       0x84 ././lvgl/lv_objx/lv_label.o
                0x000000000800c054                lv_label_set_long_mode
 .text.lv_label_set_recolor
                0x000000000800c0d8       0x28 ././lvgl/lv_objx/lv_label.o
                0x000000000800c0d8                lv_label_set_recolor
 .text.lv_label_create
                0x000000000800c100      0x168 ././lvgl/lv_objx/lv_label.o
                0x000000000800c100                lv_label_create
 .text.lv_label_set_no_break
                0x000000000800c268       0x28 ././lvgl/lv_objx/lv_label.o
                0x000000000800c268                lv_label_set_no_break
 .text.lv_label_set_anim_speed
                0x000000000800c290       0x28 ././lvgl/lv_objx/lv_label.o
                0x000000000800c290                lv_label_set_anim_speed
 .text.lv_label_ins_text
                0x000000000800c2b8       0x68 ././lvgl/lv_objx/lv_label.o
                0x000000000800c2b8                lv_label_ins_text
 .text.lv_label_cut_text
                0x000000000800c320       0x34 ././lvgl/lv_objx/lv_label.o
                0x000000000800c320                lv_label_cut_text
 .text          0x000000000800c354        0x0 ././lvgl/lv_objx/lv_page.o
 .text.lv_page_sb_refresh
                0x000000000800c354      0x3a0 ././lvgl/lv_objx/lv_page.o
 .text.lv_scrl_design
                0x000000000800c6f4       0x80 ././lvgl/lv_objx/lv_page.o
 .text.lv_page_signal
                0x000000000800c774      0x1c0 ././lvgl/lv_objx/lv_page.o
 .text.lv_page_scrollable_signal
                0x000000000800c934      0x26c ././lvgl/lv_objx/lv_page.o
 .text.lv_page_design
                0x000000000800cba0      0x130 ././lvgl/lv_objx/lv_page.o
 .text.lv_page_set_rel_action
                0x000000000800ccd0        0xc ././lvgl/lv_objx/lv_page.o
                0x000000000800ccd0                lv_page_set_rel_action
 .text.lv_page_set_pr_action
                0x000000000800ccdc        0xc ././lvgl/lv_objx/lv_page.o
                0x000000000800ccdc                lv_page_set_pr_action
 .text.lv_page_set_sb_mode
                0x000000000800cce8       0x34 ././lvgl/lv_objx/lv_page.o
                0x000000000800cce8                lv_page_set_sb_mode
 .text.lv_page_set_style
                0x000000000800cd1c       0x64 ././lvgl/lv_objx/lv_page.o
                0x000000000800cd1c                lv_page_set_style
 .text.lv_page_create
                0x000000000800cd80      0x200 ././lvgl/lv_objx/lv_page.o
                0x000000000800cd80                lv_page_create
 .text.lv_page_get_scrl
                0x000000000800cf80        0xc ././lvgl/lv_objx/lv_page.o
                0x000000000800cf80                lv_page_get_scrl
 .text.lv_page_get_sb_mode
                0x000000000800cf8c       0x10 ././lvgl/lv_objx/lv_page.o
                0x000000000800cf8c                lv_page_get_sb_mode
 .text.lv_page_get_style
                0x000000000800cf9c       0x30 ././lvgl/lv_objx/lv_page.o
                0x000000000800cf9c                lv_page_get_style
 .text.lv_page_glue_obj
                0x000000000800cfcc       0x18 ././lvgl/lv_objx/lv_page.o
                0x000000000800cfcc                lv_page_glue_obj
 .text.lv_page_focus
                0x000000000800cfe4       0xf4 ././lvgl/lv_objx/lv_page.o
                0x000000000800cfe4                lv_page_focus
 .text          0x000000000800d0d8        0x0 ././lvgl/lv_objx/lv_lmeter.o
 .text.lv_lmeter_signal
                0x000000000800d0d8       0x38 ././lvgl/lv_objx/lv_lmeter.o
 .text.lv_lmeter_design
                0x000000000800d110      0x2a4 ././lvgl/lv_objx/lv_lmeter.o
 .text.lv_lmeter_create
                0x000000000800d3b4       0xb4 ././lvgl/lv_objx/lv_lmeter.o
                0x000000000800d3b4                lv_lmeter_create
 .text.lv_lmeter_set_value
                0x000000000800d468       0x38 ././lvgl/lv_objx/lv_lmeter.o
                0x000000000800d468                lv_lmeter_set_value
 .text.lv_lmeter_set_range
                0x000000000800d4a0       0x60 ././lvgl/lv_objx/lv_lmeter.o
                0x000000000800d4a0                lv_lmeter_set_range
 .text.lv_lmeter_set_scale
                0x000000000800d500       0x28 ././lvgl/lv_objx/lv_lmeter.o
                0x000000000800d500                lv_lmeter_set_scale
 .text.lv_lmeter_get_value
                0x000000000800d528        0xc ././lvgl/lv_objx/lv_lmeter.o
                0x000000000800d528                lv_lmeter_get_value
 .text.lv_lmeter_get_min_value
                0x000000000800d534        0xc ././lvgl/lv_objx/lv_lmeter.o
                0x000000000800d534                lv_lmeter_get_min_value
 .text.lv_lmeter_get_max_value
                0x000000000800d540        0xc ././lvgl/lv_objx/lv_lmeter.o
                0x000000000800d540                lv_lmeter_get_max_value
 .text.lv_lmeter_get_line_count
                0x000000000800d54c        0xc ././lvgl/lv_objx/lv_lmeter.o
                0x000000000800d54c                lv_lmeter_get_line_count
 .text.lv_lmeter_get_scale_angle
                0x000000000800d558        0xc ././lvgl/lv_objx/lv_lmeter.o
                0x000000000800d558                lv_lmeter_get_scale_angle
 .text          0x000000000800d564        0x0 ././lvgl/lv_objx/lv_led.o
 .text.lv_led_signal
                0x000000000800d564       0x38 ././lvgl/lv_objx/lv_led.o
 .text.lv_led_design
                0x000000000800d59c      0x180 ././lvgl/lv_objx/lv_led.o
 .text.lv_led_create
                0x000000000800d71c       0xa4 ././lvgl/lv_objx/lv_led.o
                0x000000000800d71c                lv_led_create
 .text.lv_led_set_bright
                0x000000000800d7c0       0x20 ././lvgl/lv_objx/lv_led.o
                0x000000000800d7c0                lv_led_set_bright
 .text.lv_led_on
                0x000000000800d7e0        0x8 ././lvgl/lv_objx/lv_led.o
                0x000000000800d7e0                lv_led_on
 .text.lv_led_off
                0x000000000800d7e8        0x8 ././lvgl/lv_objx/lv_led.o
                0x000000000800d7e8                lv_led_off
 .text.lv_led_toggle
                0x000000000800d7f0       0x24 ././lvgl/lv_objx/lv_led.o
                0x000000000800d7f0                lv_led_toggle
 .text.lv_led_get_bright
                0x000000000800d814        0xc ././lvgl/lv_objx/lv_led.o
                0x000000000800d814                lv_led_get_bright
 .text          0x000000000800d820        0x0 ././lvgl/lv_objx/lv_btnm.o
 .text.get_button_text
                0x000000000800d820       0x6c ././lvgl/lv_objx/lv_btnm.o
 .text.lv_btnm_design
                0x000000000800d88c      0x228 ././lvgl/lv_objx/lv_btnm.o
 .text.lv_btnm_set_map.part.7
                0x000000000800dab4      0x268 ././lvgl/lv_objx/lv_btnm.o
 .text.lv_btnm_signal
                0x000000000800dd1c      0x49c ././lvgl/lv_objx/lv_btnm.o
 .text.lv_btnm_set_map
                0x000000000800e1b8        0x8 ././lvgl/lv_objx/lv_btnm.o
                0x000000000800e1b8                lv_btnm_set_map
 .text.lv_btnm_set_action
                0x000000000800e1c0        0xc ././lvgl/lv_objx/lv_btnm.o
                0x000000000800e1c0                lv_btnm_set_action
 .text.lv_btnm_set_toggle
                0x000000000800e1cc       0x44 ././lvgl/lv_objx/lv_btnm.o
                0x000000000800e1cc                lv_btnm_set_toggle
 .text.lv_btnm_set_style
                0x000000000800e210       0x64 ././lvgl/lv_objx/lv_btnm.o
                0x000000000800e210                lv_btnm_set_style
 .text.lv_btnm_create
                0x000000000800e274      0x178 ././lvgl/lv_objx/lv_btnm.o
                0x000000000800e274                lv_btnm_create
 .text.lv_btnm_get_map
                0x000000000800e3ec        0xc ././lvgl/lv_objx/lv_btnm.o
                0x000000000800e3ec                lv_btnm_get_map
 .text.lv_btnm_get_action
                0x000000000800e3f8        0xc ././lvgl/lv_objx/lv_btnm.o
                0x000000000800e3f8                lv_btnm_get_action
 .text.lv_btnm_get_toggled
                0x000000000800e404       0x18 ././lvgl/lv_objx/lv_btnm.o
                0x000000000800e404                lv_btnm_get_toggled
 .text.lv_btnm_get_style
                0x000000000800e41c       0x3c ././lvgl/lv_objx/lv_btnm.o
                0x000000000800e41c                lv_btnm_get_style
 .text.cut_ctrl_byte
                0x000000000800e458       0x10 ././lvgl/lv_objx/lv_btnm.o
                0x000000000800e458                cut_ctrl_byte
 .text          0x000000000800e468        0x0 ././lvgl/lv_objx/lv_cont.o
 .text.lv_cont_refr_layout
                0x000000000800e468      0x598 ././lvgl/lv_objx/lv_cont.o
 .text.lv_cont_refr_autofit
                0x000000000800ea00      0x1b0 ././lvgl/lv_objx/lv_cont.o
 .text.lv_cont_signal
                0x000000000800ebb0       0x84 ././lvgl/lv_objx/lv_cont.o
 .text.lv_cont_create
                0x000000000800ec34       0xa4 ././lvgl/lv_objx/lv_cont.o
                0x000000000800ec34                lv_cont_create
 .text.lv_cont_set_layout
                0x000000000800ecd8       0x2c ././lvgl/lv_objx/lv_cont.o
                0x000000000800ecd8                lv_cont_set_layout
 .text.lv_cont_set_fit
                0x000000000800ed04       0x4c ././lvgl/lv_objx/lv_cont.o
                0x000000000800ed04                lv_cont_set_fit
 .text.lv_cont_get_layout
                0x000000000800ed50       0x10 ././lvgl/lv_objx/lv_cont.o
                0x000000000800ed50                lv_cont_get_layout
 .text.lv_cont_get_hor_fit
                0x000000000800ed60       0x10 ././lvgl/lv_objx/lv_cont.o
                0x000000000800ed60                lv_cont_get_hor_fit
 .text.lv_cont_get_ver_fit
                0x000000000800ed70       0x10 ././lvgl/lv_objx/lv_cont.o
                0x000000000800ed70                lv_cont_get_ver_fit
 .text          0x000000000800ed80        0x0 ././lvgl/lv_objx/lv_bar.o
 .text.lv_bar_set_value
                0x000000000800ed80       0x38 ././lvgl/lv_objx/lv_bar.o
                0x000000000800ed80                lv_bar_set_value
 .text.lv_bar_design
                0x000000000800edb8       0xe4 ././lvgl/lv_objx/lv_bar.o
 .text.lv_bar_signal
                0x000000000800ee9c       0x5c ././lvgl/lv_objx/lv_bar.o
 .text.lv_bar_create
                0x000000000800eef8      0x100 ././lvgl/lv_objx/lv_bar.o
                0x000000000800eef8                lv_bar_create
 .text.lv_bar_set_value_anim
                0x000000000800eff8       0x64 ././lvgl/lv_objx/lv_bar.o
                0x000000000800eff8                lv_bar_set_value_anim
 .text.lv_bar_set_range
                0x000000000800f05c       0x60 ././lvgl/lv_objx/lv_bar.o
                0x000000000800f05c                lv_bar_set_range
 .text.lv_bar_set_style
                0x000000000800f0bc       0x2c ././lvgl/lv_objx/lv_bar.o
                0x000000000800f0bc                lv_bar_set_style
 .text.lv_bar_get_value
                0x000000000800f0e8        0xc ././lvgl/lv_objx/lv_bar.o
                0x000000000800f0e8                lv_bar_get_value
 .text.lv_bar_get_min_value
                0x000000000800f0f4        0xc ././lvgl/lv_objx/lv_bar.o
                0x000000000800f0f4                lv_bar_get_min_value
 .text.lv_bar_get_max_value
                0x000000000800f100        0xc ././lvgl/lv_objx/lv_bar.o
                0x000000000800f100                lv_bar_get_max_value
 .text.lv_bar_get_style
                0x000000000800f10c       0x24 ././lvgl/lv_objx/lv_bar.o
                0x000000000800f10c                lv_bar_get_style
 .text          0x000000000800f130        0x0 ././lvgl/lv_draw/lv_draw.o
 .text.antialias_get_opa
                0x000000000800f130       0x2c ././lvgl/lv_draw/lv_draw.o
 .text.lv_draw_rect_main_corner
                0x000000000800f15c      0xd98 ././lvgl/lv_draw/lv_draw.o
 .text.hex_char_to_num.part.5
                0x000000000800fef4       0x1c ././lvgl/lv_draw/lv_draw.o
 .text.lv_draw_rect
                0x000000000800ff10     0x1754 ././lvgl/lv_draw/lv_draw.o
                0x000000000800ff10                lv_draw_rect
 .text.lv_draw_label
                0x0000000008011664      0x2b4 ././lvgl/lv_draw/lv_draw.o
                0x0000000008011664                lv_draw_label
 .text.lv_draw_img
                0x0000000008011918      0x234 ././lvgl/lv_draw/lv_draw.o
                0x0000000008011918                lv_draw_img
 .text.lv_draw_line
                0x0000000008011b4c      0x66c ././lvgl/lv_draw/lv_draw.o
                0x0000000008011b4c                lv_draw_line
 .text          0x00000000080121b8        0x0 ././lvgl/lv_draw/lv_draw_rbasic.o
 .text          0x00000000080121b8        0x0 ././lvgl/lv_draw/lv_draw_vbasic.o
 .text.lv_vpx   0x00000000080121b8       0xc4 ././lvgl/lv_draw/lv_draw_vbasic.o
                0x00000000080121b8                lv_vpx
 .text.lv_vfill
                0x000000000801227c      0x194 ././lvgl/lv_draw/lv_draw_vbasic.o
                0x000000000801227c                lv_vfill
 .text.lv_vletter
                0x0000000008012410      0x368 ././lvgl/lv_draw/lv_draw_vbasic.o
                0x0000000008012410                lv_vletter
 .text.lv_vmap  0x0000000008012778      0x34c ././lvgl/lv_draw/lv_draw_vbasic.o
                0x0000000008012778                lv_vmap
 .text          0x0000000008012ac4        0x0 ././lvgl/lv_themes/lv_theme_zen.o
 .text          0x0000000008012ac4        0x0 ././lvgl/lv_themes/lv_theme_night.o
 .text          0x0000000008012ac4        0x0 ././lvgl/lv_themes/lv_theme.o
 .text.lv_theme_set_current
                0x0000000008012ac4        0xc ././lvgl/lv_themes/lv_theme.o
                0x0000000008012ac4                lv_theme_set_current
 .text.lv_theme_get_current
                0x0000000008012ad0        0xc ././lvgl/lv_themes/lv_theme.o
                0x0000000008012ad0                lv_theme_get_current
 .text          0x0000000008012adc        0x0 ././lvgl/lv_themes/lv_theme_default.o
 .text.lv_theme_default_init
                0x0000000008012adc      0x358 ././lvgl/lv_themes/lv_theme_default.o
                0x0000000008012adc                lv_theme_default_init
 .text.lv_theme_get_default
                0x0000000008012e34        0x8 ././lvgl/lv_themes/lv_theme_default.o
                0x0000000008012e34                lv_theme_get_default
 .text          0x0000000008012e3c        0x0 ././lvgl/lv_themes/lv_theme_mono.o
 .text          0x0000000008012e3c        0x0 ././lvgl/lv_themes/lv_theme_alien.o
 .text          0x0000000008012e3c        0x0 ././lvgl/lv_themes/lv_theme_material.o
 .text.lv_theme_material_init
                0x0000000008012e3c      0xbfc ././lvgl/lv_themes/lv_theme_material.o
                0x0000000008012e3c                lv_theme_material_init
 .text.lv_theme_get_material
                0x0000000008013a38        0x8 ././lvgl/lv_themes/lv_theme_material.o
                0x0000000008013a38                lv_theme_get_material
 .text          0x0000000008013a40        0x0 ././lvgl/lv_themes/lv_theme_templ.o
 .text          0x0000000008013a40        0x0 ././lvgl/lv_hal/lv_hal_tick.o
 .text.lv_tick_inc
                0x0000000008013a40       0x20 ././lvgl/lv_hal/lv_hal_tick.o
                0x0000000008013a40                lv_tick_inc
 .text.lv_tick_get
                0x0000000008013a60       0x1c ././lvgl/lv_hal/lv_hal_tick.o
                0x0000000008013a60                lv_tick_get
 .text.lv_tick_elaps
                0x0000000008013a7c       0x24 ././lvgl/lv_hal/lv_hal_tick.o
                0x0000000008013a7c                lv_tick_elaps
 .text          0x0000000008013aa0        0x0 ././lvgl/lv_hal/lv_hal_indev.o
 .text.lv_indev_drv_init
                0x0000000008013aa0        0xc ././lvgl/lv_hal/lv_hal_indev.o
                0x0000000008013aa0                lv_indev_drv_init
 .text.lv_indev_drv_register
                0x0000000008013aac       0x54 ././lvgl/lv_hal/lv_hal_indev.o
                0x0000000008013aac                lv_indev_drv_register
 .text.lv_indev_next
                0x0000000008013b00       0x10 ././lvgl/lv_hal/lv_hal_indev.o
                0x0000000008013b00                lv_indev_next
 .text.lv_indev_read
                0x0000000008013b10       0x18 ././lvgl/lv_hal/lv_hal_indev.o
                0x0000000008013b10                lv_indev_read
 .text          0x0000000008013b28        0x0 ././lvgl/lv_hal/lv_hal_disp.o
 .text.lv_disp_drv_init
                0x0000000008013b28        0xc ././lvgl/lv_hal/lv_hal_disp.o
                0x0000000008013b28                lv_disp_drv_init
 .text.lv_disp_drv_register
                0x0000000008013b34       0x44 ././lvgl/lv_hal/lv_hal_disp.o
                0x0000000008013b34                lv_disp_drv_register
 .text.lv_disp_set_active
                0x0000000008013b78       0x18 ././lvgl/lv_hal/lv_hal_disp.o
                0x0000000008013b78                lv_disp_set_active
 .text.lv_disp_get_active
                0x0000000008013b90        0xc ././lvgl/lv_hal/lv_hal_disp.o
                0x0000000008013b90                lv_disp_get_active
 .text.lv_disp_next
                0x0000000008013b9c       0x10 ././lvgl/lv_hal/lv_hal_disp.o
                0x0000000008013b9c                lv_disp_next
 .text.lv_disp_fill
                0x0000000008013bac       0x20 ././lvgl/lv_hal/lv_hal_disp.o
                0x0000000008013bac                lv_disp_fill
 .text.lv_disp_flush
                0x0000000008013bcc       0x20 ././lvgl/lv_hal/lv_hal_disp.o
                0x0000000008013bcc                lv_disp_flush
 .text.lv_disp_map
                0x0000000008013bec       0x20 ././lvgl/lv_hal/lv_hal_disp.o
                0x0000000008013bec                lv_disp_map
 .text          0x0000000008013c0c        0x0 ././lvgl/lv_misc/lv_ll.o
 .text.lv_ll_init
                0x0000000008013c0c       0x14 ././lvgl/lv_misc/lv_ll.o
                0x0000000008013c0c                lv_ll_init
 .text.lv_ll_ins_head
                0x0000000008013c20       0x30 ././lvgl/lv_misc/lv_ll.o
                0x0000000008013c20                lv_ll_ins_head
 .text.lv_ll_ins_prev
                0x0000000008013c50       0x40 ././lvgl/lv_misc/lv_ll.o
                0x0000000008013c50                lv_ll_ins_prev
 .text.lv_ll_ins_tail
                0x0000000008013c90       0x34 ././lvgl/lv_misc/lv_ll.o
                0x0000000008013c90                lv_ll_ins_tail
 .text.lv_ll_rem
                0x0000000008013cc4       0x60 ././lvgl/lv_misc/lv_ll.o
                0x0000000008013cc4                lv_ll_rem
 .text.lv_ll_clear
                0x0000000008013d24       0x28 ././lvgl/lv_misc/lv_ll.o
                0x0000000008013d24                lv_ll_clear
 .text.lv_ll_chg_list
                0x0000000008013d4c       0x30 ././lvgl/lv_misc/lv_ll.o
                0x0000000008013d4c                lv_ll_chg_list
 .text.lv_ll_get_head
                0x0000000008013d7c        0x8 ././lvgl/lv_misc/lv_ll.o
                0x0000000008013d7c                lv_ll_get_head
 .text.lv_ll_get_tail
                0x0000000008013d84        0x8 ././lvgl/lv_misc/lv_ll.o
                0x0000000008013d84                lv_ll_get_tail
 .text.lv_ll_get_next
                0x0000000008013d8c        0xc ././lvgl/lv_misc/lv_ll.o
                0x0000000008013d8c                lv_ll_get_next
 .text.lv_ll_get_prev
                0x0000000008013d98        0x8 ././lvgl/lv_misc/lv_ll.o
                0x0000000008013d98                lv_ll_get_prev
 .text.lv_ll_swap
                0x0000000008013da0        0x4 ././lvgl/lv_misc/lv_ll.o
                0x0000000008013da0                lv_ll_swap
 .text.lv_ll_move_before